# serializer version: 1
# name: test_graph_push_already_recorded
  'e5672955'
# ---
# name: test_graph_push_first_time
  'e5672955'
# ---
# name: test_graph_render_graphviz_format
  '''
  strict digraph {
      rankdir=TB;
      label="Graph (snapshot: 55688fef)";
      labelloc=t;
      fontsize=14;
      fontname=helvetica;
  
      "examples/parent" ;
      "examples/child" ;
  
      "examples/parent" -> "examples/child";
  
      "examples/parent::embeddings" ;
      "examples/parent" -> "examples/parent::embeddings" ;
      "examples/child::predictions" ;
      "examples/child" -> "examples/child::predictions" ;
  }
  
  '''
# ---
