# serializer version: 1
# name: test_cli_e2e_duckdb_workflow
  dict({
    'operations': list([
      dict({
        'feature_key': list([
          'video',
          'processing',
        ]),
        'id': 'reconcile_video/processing',
        'reason': 'TODO: Describe what changed and why',
        'type': 'metaxy.migrations.ops.DataVersionReconciliation',
      }),
    ]),
    'parent_migration_id': None,
    'version': 1,
  })
# ---
# name: test_cli_e2e_duckdb_workflow.1
  dict({
    'feature_versions': list([
      '367ec6fb70be09de7dd481d46be8b1c69a0544ab686acd582a9819255eb5be5e',
      '3c5b4c900fdf1b7f5c08736233f70738a9ca73f94c6aa2b60aeefb5b46105085',
    ]),
    'row_count': 4,
    'sample_ids': list([
      'video1.mp4',
      'video2.mp4',
    ]),
  })
# ---
# name: test_cli_e2e_duckdb_workflow.2
  dict({
    'has_migration_id': True,
    'has_migrations': True,
    'migration_completed': True,
  })
# ---
