# serializer version: 1
# name: test_pipeline
  dict({
    'from_snapshot_version': 'd49e39c7ad7523cd9d25e26f9f350b73c66c979abccf2f0caee84e489035ce82',
    'migration_id': '20250101_000000_example_migration',
    'migration_type': 'metaxy.migrations.models.DiffMigration',
    'ops': list([
      dict({
        'type': 'metaxy.migrations.ops.DataVersionReconciliation',
      }),
    ]),
    'parent': 'initial',
    'to_snapshot_version': '155f26076028a45ebcf937aad81704f62c8d84efd204965ce5aa8d46ba8eec9e',
  })
# ---
