# serializer version: 1
# name: test_pipeline
  dict({
    'from_snapshot_version': '03c8e48a4ab9a3b70d09c68a20e5ed0ba0ff6a2e2780b2f1e30fcaafacbf35a5',
    'migration_id': '20250101_000000_example_migration',
    'migration_type': 'metaxy.migrations.models.DiffMigration',
    'ops': list([
      dict({
        'features': list([
          'examples/child',
        ]),
        'type': 'metaxy.migrations.ops.DataVersionReconciliation',
      }),
    ]),
    'parent': 'initial',
    'to_snapshot_version': 'ae1f6caf6e512953aee6e75abf2a513e9dc4a5ede15b5e7f51b00fd63fe90125',
  })
# ---
