# serializer version: 1
# name: test_resolve_update_no_upstream[False-False-diamond_graph-md5]
  dict({
    tuple(
      'clickhouse',
      False,
      False,
    ): dict({
      'added': 3,
      'changed': 0,
      'removed': 0,
      'versions': list([
        dict({
          'default': 'hash1_default',
        }),
        dict({
          'default': 'hash2_default',
        }),
        dict({
          'default': 'hash3_default',
        }),
      ]),
    }),
    tuple(
      'duckdb',
      False,
      False,
    ): dict({
      'added': 3,
      'changed': 0,
      'removed': 0,
      'versions': list([
        dict({
          'default': 'hash1_default',
        }),
        dict({
          'default': 'hash2_default',
        }),
        dict({
          'default': 'hash3_default',
        }),
      ]),
    }),
    tuple(
      'inmemory',
      False,
      False,
    ): dict({
      'added': 3,
      'changed': 0,
      'removed': 0,
      'versions': list([
        dict({
          'default': 'hash1_default',
        }),
        dict({
          'default': 'hash2_default',
        }),
        dict({
          'default': 'hash3_default',
        }),
      ]),
    }),
  })
# ---
# name: test_resolve_update_no_upstream[False-False-diamond_graph-sha256]
  dict({
    tuple(
      'inmemory',
      False,
      False,
    ): dict({
      'added': 3,
      'changed': 0,
      'removed': 0,
      'versions': list([
        dict({
          'default': 'hash1_default',
        }),
        dict({
          'default': 'hash2_default',
        }),
        dict({
          'default': 'hash3_default',
        }),
      ]),
    }),
  })
# ---
# name: test_resolve_update_no_upstream[False-False-diamond_graph-wyhash]
  dict({
    tuple(
      'inmemory',
      False,
      False,
    ): dict({
      'added': 3,
      'changed': 0,
      'removed': 0,
      'versions': list([
        dict({
          'default': 'hash1_default',
        }),
        dict({
          'default': 'hash2_default',
        }),
        dict({
          'default': 'hash3_default',
        }),
      ]),
    }),
  })
# ---
# name: test_resolve_update_no_upstream[False-False-diamond_graph-xxhash32]
  dict({
    tuple(
      'clickhouse',
      False,
      False,
    ): dict({
      'added': 3,
      'changed': 0,
      'removed': 0,
      'versions': list([
        dict({
          'default': 'hash1_default',
        }),
        dict({
          'default': 'hash2_default',
        }),
        dict({
          'default': 'hash3_default',
        }),
      ]),
    }),
    tuple(
      'duckdb',
      False,
      False,
    ): dict({
      'added': 3,
      'changed': 0,
      'removed': 0,
      'versions': list([
        dict({
          'default': 'hash1_default',
        }),
        dict({
          'default': 'hash2_default',
        }),
        dict({
          'default': 'hash3_default',
        }),
      ]),
    }),
    tuple(
      'inmemory',
      False,
      False,
    ): dict({
      'added': 3,
      'changed': 0,
      'removed': 0,
      'versions': list([
        dict({
          'default': 'hash1_default',
        }),
        dict({
          'default': 'hash2_default',
        }),
        dict({
          'default': 'hash3_default',
        }),
      ]),
    }),
  })
# ---
# name: test_resolve_update_no_upstream[False-False-diamond_graph-xxhash64]
  dict({
    tuple(
      'clickhouse',
      False,
      False,
    ): dict({
      'added': 3,
      'changed': 0,
      'removed': 0,
      'versions': list([
        dict({
          'default': 'hash1_default',
        }),
        dict({
          'default': 'hash2_default',
        }),
        dict({
          'default': 'hash3_default',
        }),
      ]),
    }),
    tuple(
      'duckdb',
      False,
      False,
    ): dict({
      'added': 3,
      'changed': 0,
      'removed': 0,
      'versions': list([
        dict({
          'default': 'hash1_default',
        }),
        dict({
          'default': 'hash2_default',
        }),
        dict({
          'default': 'hash3_default',
        }),
      ]),
    }),
    tuple(
      'inmemory',
      False,
      False,
    ): dict({
      'added': 3,
      'changed': 0,
      'removed': 0,
      'versions': list([
        dict({
          'default': 'hash1_default',
        }),
        dict({
          'default': 'hash2_default',
        }),
        dict({
          'default': 'hash3_default',
        }),
      ]),
    }),
  })
# ---
# name: test_resolve_update_no_upstream[False-False-multi_field-md5]
  dict({
    tuple(
      'clickhouse',
      False,
      False,
    ): dict({
      'added': 3,
      'changed': 0,
      'removed': 0,
      'versions': list([
        dict({
          'test': 'hash1_test',
          'train': 'hash1_train',
        }),
        dict({
          'test': 'hash2_test',
          'train': 'hash2_train',
        }),
        dict({
          'test': 'hash3_test',
          'train': 'hash3_train',
        }),
      ]),
    }),
    tuple(
      'duckdb',
      False,
      False,
    ): dict({
      'added': 3,
      'changed': 0,
      'removed': 0,
      'versions': list([
        dict({
          'test': 'hash1_test',
          'train': 'hash1_train',
        }),
        dict({
          'test': 'hash2_test',
          'train': 'hash2_train',
        }),
        dict({
          'test': 'hash3_test',
          'train': 'hash3_train',
        }),
      ]),
    }),
    tuple(
      'inmemory',
      False,
      False,
    ): dict({
      'added': 3,
      'changed': 0,
      'removed': 0,
      'versions': list([
        dict({
          'test': 'hash1_test',
          'train': 'hash1_train',
        }),
        dict({
          'test': 'hash2_test',
          'train': 'hash2_train',
        }),
        dict({
          'test': 'hash3_test',
          'train': 'hash3_train',
        }),
      ]),
    }),
  })
# ---
# name: test_resolve_update_no_upstream[False-False-multi_field-sha256]
  dict({
    tuple(
      'inmemory',
      False,
      False,
    ): dict({
      'added': 3,
      'changed': 0,
      'removed': 0,
      'versions': list([
        dict({
          'test': 'hash1_test',
          'train': 'hash1_train',
        }),
        dict({
          'test': 'hash2_test',
          'train': 'hash2_train',
        }),
        dict({
          'test': 'hash3_test',
          'train': 'hash3_train',
        }),
      ]),
    }),
  })
# ---
# name: test_resolve_update_no_upstream[False-False-multi_field-wyhash]
  dict({
    tuple(
      'inmemory',
      False,
      False,
    ): dict({
      'added': 3,
      'changed': 0,
      'removed': 0,
      'versions': list([
        dict({
          'test': 'hash1_test',
          'train': 'hash1_train',
        }),
        dict({
          'test': 'hash2_test',
          'train': 'hash2_train',
        }),
        dict({
          'test': 'hash3_test',
          'train': 'hash3_train',
        }),
      ]),
    }),
  })
# ---
# name: test_resolve_update_no_upstream[False-False-multi_field-xxhash32]
  dict({
    tuple(
      'clickhouse',
      False,
      False,
    ): dict({
      'added': 3,
      'changed': 0,
      'removed': 0,
      'versions': list([
        dict({
          'test': 'hash1_test',
          'train': 'hash1_train',
        }),
        dict({
          'test': 'hash2_test',
          'train': 'hash2_train',
        }),
        dict({
          'test': 'hash3_test',
          'train': 'hash3_train',
        }),
      ]),
    }),
    tuple(
      'duckdb',
      False,
      False,
    ): dict({
      'added': 3,
      'changed': 0,
      'removed': 0,
      'versions': list([
        dict({
          'test': 'hash1_test',
          'train': 'hash1_train',
        }),
        dict({
          'test': 'hash2_test',
          'train': 'hash2_train',
        }),
        dict({
          'test': 'hash3_test',
          'train': 'hash3_train',
        }),
      ]),
    }),
    tuple(
      'inmemory',
      False,
      False,
    ): dict({
      'added': 3,
      'changed': 0,
      'removed': 0,
      'versions': list([
        dict({
          'test': 'hash1_test',
          'train': 'hash1_train',
        }),
        dict({
          'test': 'hash2_test',
          'train': 'hash2_train',
        }),
        dict({
          'test': 'hash3_test',
          'train': 'hash3_train',
        }),
      ]),
    }),
  })
# ---
# name: test_resolve_update_no_upstream[False-False-multi_field-xxhash64]
  dict({
    tuple(
      'clickhouse',
      False,
      False,
    ): dict({
      'added': 3,
      'changed': 0,
      'removed': 0,
      'versions': list([
        dict({
          'test': 'hash1_test',
          'train': 'hash1_train',
        }),
        dict({
          'test': 'hash2_test',
          'train': 'hash2_train',
        }),
        dict({
          'test': 'hash3_test',
          'train': 'hash3_train',
        }),
      ]),
    }),
    tuple(
      'duckdb',
      False,
      False,
    ): dict({
      'added': 3,
      'changed': 0,
      'removed': 0,
      'versions': list([
        dict({
          'test': 'hash1_test',
          'train': 'hash1_train',
        }),
        dict({
          'test': 'hash2_test',
          'train': 'hash2_train',
        }),
        dict({
          'test': 'hash3_test',
          'train': 'hash3_train',
        }),
      ]),
    }),
    tuple(
      'inmemory',
      False,
      False,
    ): dict({
      'added': 3,
      'changed': 0,
      'removed': 0,
      'versions': list([
        dict({
          'test': 'hash1_test',
          'train': 'hash1_train',
        }),
        dict({
          'test': 'hash2_test',
          'train': 'hash2_train',
        }),
        dict({
          'test': 'hash3_test',
          'train': 'hash3_train',
        }),
      ]),
    }),
  })
# ---
# name: test_resolve_update_no_upstream[False-False-simple_chain-md5]
  dict({
    tuple(
      'clickhouse',
      False,
      False,
    ): dict({
      'added': 3,
      'changed': 0,
      'removed': 0,
      'versions': list([
        dict({
          'default': 'hash1_default',
        }),
        dict({
          'default': 'hash2_default',
        }),
        dict({
          'default': 'hash3_default',
        }),
      ]),
    }),
    tuple(
      'duckdb',
      False,
      False,
    ): dict({
      'added': 3,
      'changed': 0,
      'removed': 0,
      'versions': list([
        dict({
          'default': 'hash1_default',
        }),
        dict({
          'default': 'hash2_default',
        }),
        dict({
          'default': 'hash3_default',
        }),
      ]),
    }),
    tuple(
      'inmemory',
      False,
      False,
    ): dict({
      'added': 3,
      'changed': 0,
      'removed': 0,
      'versions': list([
        dict({
          'default': 'hash1_default',
        }),
        dict({
          'default': 'hash2_default',
        }),
        dict({
          'default': 'hash3_default',
        }),
      ]),
    }),
  })
# ---
# name: test_resolve_update_no_upstream[False-False-simple_chain-sha256]
  dict({
    tuple(
      'inmemory',
      False,
      False,
    ): dict({
      'added': 3,
      'changed': 0,
      'removed': 0,
      'versions': list([
        dict({
          'default': 'hash1_default',
        }),
        dict({
          'default': 'hash2_default',
        }),
        dict({
          'default': 'hash3_default',
        }),
      ]),
    }),
  })
# ---
# name: test_resolve_update_no_upstream[False-False-simple_chain-wyhash]
  dict({
    tuple(
      'inmemory',
      False,
      False,
    ): dict({
      'added': 3,
      'changed': 0,
      'removed': 0,
      'versions': list([
        dict({
          'default': 'hash1_default',
        }),
        dict({
          'default': 'hash2_default',
        }),
        dict({
          'default': 'hash3_default',
        }),
      ]),
    }),
  })
# ---
# name: test_resolve_update_no_upstream[False-False-simple_chain-xxhash32]
  dict({
    tuple(
      'clickhouse',
      False,
      False,
    ): dict({
      'added': 3,
      'changed': 0,
      'removed': 0,
      'versions': list([
        dict({
          'default': 'hash1_default',
        }),
        dict({
          'default': 'hash2_default',
        }),
        dict({
          'default': 'hash3_default',
        }),
      ]),
    }),
    tuple(
      'duckdb',
      False,
      False,
    ): dict({
      'added': 3,
      'changed': 0,
      'removed': 0,
      'versions': list([
        dict({
          'default': 'hash1_default',
        }),
        dict({
          'default': 'hash2_default',
        }),
        dict({
          'default': 'hash3_default',
        }),
      ]),
    }),
    tuple(
      'inmemory',
      False,
      False,
    ): dict({
      'added': 3,
      'changed': 0,
      'removed': 0,
      'versions': list([
        dict({
          'default': 'hash1_default',
        }),
        dict({
          'default': 'hash2_default',
        }),
        dict({
          'default': 'hash3_default',
        }),
      ]),
    }),
  })
# ---
# name: test_resolve_update_no_upstream[False-False-simple_chain-xxhash64]
  dict({
    tuple(
      'clickhouse',
      False,
      False,
    ): dict({
      'added': 3,
      'changed': 0,
      'removed': 0,
      'versions': list([
        dict({
          'default': 'hash1_default',
        }),
        dict({
          'default': 'hash2_default',
        }),
        dict({
          'default': 'hash3_default',
        }),
      ]),
    }),
    tuple(
      'duckdb',
      False,
      False,
    ): dict({
      'added': 3,
      'changed': 0,
      'removed': 0,
      'versions': list([
        dict({
          'default': 'hash1_default',
        }),
        dict({
          'default': 'hash2_default',
        }),
        dict({
          'default': 'hash3_default',
        }),
      ]),
    }),
    tuple(
      'inmemory',
      False,
      False,
    ): dict({
      'added': 3,
      'changed': 0,
      'removed': 0,
      'versions': list([
        dict({
          'default': 'hash1_default',
        }),
        dict({
          'default': 'hash2_default',
        }),
        dict({
          'default': 'hash3_default',
        }),
      ]),
    }),
  })
# ---
# name: test_resolve_update_no_upstream[False-True-diamond_graph-md5]
  dict({
    tuple(
      'clickhouse',
      True,
      False,
    ): dict({
      'added': 3,
      'changed': 0,
      'removed': 0,
      'versions': list([
        dict({
          'default': 'hash1_default',
        }),
        dict({
          'default': 'hash2_default',
        }),
        dict({
          'default': 'hash3_default',
        }),
      ]),
    }),
    tuple(
      'duckdb',
      True,
      False,
    ): dict({
      'added': 3,
      'changed': 0,
      'removed': 0,
      'versions': list([
        dict({
          'default': 'hash1_default',
        }),
        dict({
          'default': 'hash2_default',
        }),
        dict({
          'default': 'hash3_default',
        }),
      ]),
    }),
    tuple(
      'inmemory',
      True,
      False,
    ): dict({
      'added': 3,
      'changed': 0,
      'removed': 0,
      'versions': list([
        dict({
          'default': 'hash1_default',
        }),
        dict({
          'default': 'hash2_default',
        }),
        dict({
          'default': 'hash3_default',
        }),
      ]),
    }),
  })
# ---
# name: test_resolve_update_no_upstream[False-True-diamond_graph-sha256]
  dict({
    tuple(
      'inmemory',
      True,
      False,
    ): dict({
      'added': 3,
      'changed': 0,
      'removed': 0,
      'versions': list([
        dict({
          'default': 'hash1_default',
        }),
        dict({
          'default': 'hash2_default',
        }),
        dict({
          'default': 'hash3_default',
        }),
      ]),
    }),
  })
# ---
# name: test_resolve_update_no_upstream[False-True-diamond_graph-wyhash]
  dict({
    tuple(
      'inmemory',
      True,
      False,
    ): dict({
      'added': 3,
      'changed': 0,
      'removed': 0,
      'versions': list([
        dict({
          'default': 'hash1_default',
        }),
        dict({
          'default': 'hash2_default',
        }),
        dict({
          'default': 'hash3_default',
        }),
      ]),
    }),
  })
# ---
# name: test_resolve_update_no_upstream[False-True-diamond_graph-xxhash32]
  dict({
    tuple(
      'clickhouse',
      True,
      False,
    ): dict({
      'added': 3,
      'changed': 0,
      'removed': 0,
      'versions': list([
        dict({
          'default': 'hash1_default',
        }),
        dict({
          'default': 'hash2_default',
        }),
        dict({
          'default': 'hash3_default',
        }),
      ]),
    }),
    tuple(
      'duckdb',
      True,
      False,
    ): dict({
      'added': 3,
      'changed': 0,
      'removed': 0,
      'versions': list([
        dict({
          'default': 'hash1_default',
        }),
        dict({
          'default': 'hash2_default',
        }),
        dict({
          'default': 'hash3_default',
        }),
      ]),
    }),
    tuple(
      'inmemory',
      True,
      False,
    ): dict({
      'added': 3,
      'changed': 0,
      'removed': 0,
      'versions': list([
        dict({
          'default': 'hash1_default',
        }),
        dict({
          'default': 'hash2_default',
        }),
        dict({
          'default': 'hash3_default',
        }),
      ]),
    }),
  })
# ---
# name: test_resolve_update_no_upstream[False-True-diamond_graph-xxhash64]
  dict({
    tuple(
      'clickhouse',
      True,
      False,
    ): dict({
      'added': 3,
      'changed': 0,
      'removed': 0,
      'versions': list([
        dict({
          'default': 'hash1_default',
        }),
        dict({
          'default': 'hash2_default',
        }),
        dict({
          'default': 'hash3_default',
        }),
      ]),
    }),
    tuple(
      'duckdb',
      True,
      False,
    ): dict({
      'added': 3,
      'changed': 0,
      'removed': 0,
      'versions': list([
        dict({
          'default': 'hash1_default',
        }),
        dict({
          'default': 'hash2_default',
        }),
        dict({
          'default': 'hash3_default',
        }),
      ]),
    }),
    tuple(
      'inmemory',
      True,
      False,
    ): dict({
      'added': 3,
      'changed': 0,
      'removed': 0,
      'versions': list([
        dict({
          'default': 'hash1_default',
        }),
        dict({
          'default': 'hash2_default',
        }),
        dict({
          'default': 'hash3_default',
        }),
      ]),
    }),
  })
# ---
# name: test_resolve_update_no_upstream[False-True-multi_field-md5]
  dict({
    tuple(
      'clickhouse',
      True,
      False,
    ): dict({
      'added': 3,
      'changed': 0,
      'removed': 0,
      'versions': list([
        dict({
          'test': 'hash1_test',
          'train': 'hash1_train',
        }),
        dict({
          'test': 'hash2_test',
          'train': 'hash2_train',
        }),
        dict({
          'test': 'hash3_test',
          'train': 'hash3_train',
        }),
      ]),
    }),
    tuple(
      'duckdb',
      True,
      False,
    ): dict({
      'added': 3,
      'changed': 0,
      'removed': 0,
      'versions': list([
        dict({
          'test': 'hash1_test',
          'train': 'hash1_train',
        }),
        dict({
          'test': 'hash2_test',
          'train': 'hash2_train',
        }),
        dict({
          'test': 'hash3_test',
          'train': 'hash3_train',
        }),
      ]),
    }),
    tuple(
      'inmemory',
      True,
      False,
    ): dict({
      'added': 3,
      'changed': 0,
      'removed': 0,
      'versions': list([
        dict({
          'test': 'hash1_test',
          'train': 'hash1_train',
        }),
        dict({
          'test': 'hash2_test',
          'train': 'hash2_train',
        }),
        dict({
          'test': 'hash3_test',
          'train': 'hash3_train',
        }),
      ]),
    }),
  })
# ---
# name: test_resolve_update_no_upstream[False-True-multi_field-sha256]
  dict({
    tuple(
      'inmemory',
      True,
      False,
    ): dict({
      'added': 3,
      'changed': 0,
      'removed': 0,
      'versions': list([
        dict({
          'test': 'hash1_test',
          'train': 'hash1_train',
        }),
        dict({
          'test': 'hash2_test',
          'train': 'hash2_train',
        }),
        dict({
          'test': 'hash3_test',
          'train': 'hash3_train',
        }),
      ]),
    }),
  })
# ---
# name: test_resolve_update_no_upstream[False-True-multi_field-wyhash]
  dict({
    tuple(
      'inmemory',
      True,
      False,
    ): dict({
      'added': 3,
      'changed': 0,
      'removed': 0,
      'versions': list([
        dict({
          'test': 'hash1_test',
          'train': 'hash1_train',
        }),
        dict({
          'test': 'hash2_test',
          'train': 'hash2_train',
        }),
        dict({
          'test': 'hash3_test',
          'train': 'hash3_train',
        }),
      ]),
    }),
  })
# ---
# name: test_resolve_update_no_upstream[False-True-multi_field-xxhash32]
  dict({
    tuple(
      'clickhouse',
      True,
      False,
    ): dict({
      'added': 3,
      'changed': 0,
      'removed': 0,
      'versions': list([
        dict({
          'test': 'hash1_test',
          'train': 'hash1_train',
        }),
        dict({
          'test': 'hash2_test',
          'train': 'hash2_train',
        }),
        dict({
          'test': 'hash3_test',
          'train': 'hash3_train',
        }),
      ]),
    }),
    tuple(
      'duckdb',
      True,
      False,
    ): dict({
      'added': 3,
      'changed': 0,
      'removed': 0,
      'versions': list([
        dict({
          'test': 'hash1_test',
          'train': 'hash1_train',
        }),
        dict({
          'test': 'hash2_test',
          'train': 'hash2_train',
        }),
        dict({
          'test': 'hash3_test',
          'train': 'hash3_train',
        }),
      ]),
    }),
    tuple(
      'inmemory',
      True,
      False,
    ): dict({
      'added': 3,
      'changed': 0,
      'removed': 0,
      'versions': list([
        dict({
          'test': 'hash1_test',
          'train': 'hash1_train',
        }),
        dict({
          'test': 'hash2_test',
          'train': 'hash2_train',
        }),
        dict({
          'test': 'hash3_test',
          'train': 'hash3_train',
        }),
      ]),
    }),
  })
# ---
# name: test_resolve_update_no_upstream[False-True-multi_field-xxhash64]
  dict({
    tuple(
      'clickhouse',
      True,
      False,
    ): dict({
      'added': 3,
      'changed': 0,
      'removed': 0,
      'versions': list([
        dict({
          'test': 'hash1_test',
          'train': 'hash1_train',
        }),
        dict({
          'test': 'hash2_test',
          'train': 'hash2_train',
        }),
        dict({
          'test': 'hash3_test',
          'train': 'hash3_train',
        }),
      ]),
    }),
    tuple(
      'duckdb',
      True,
      False,
    ): dict({
      'added': 3,
      'changed': 0,
      'removed': 0,
      'versions': list([
        dict({
          'test': 'hash1_test',
          'train': 'hash1_train',
        }),
        dict({
          'test': 'hash2_test',
          'train': 'hash2_train',
        }),
        dict({
          'test': 'hash3_test',
          'train': 'hash3_train',
        }),
      ]),
    }),
    tuple(
      'inmemory',
      True,
      False,
    ): dict({
      'added': 3,
      'changed': 0,
      'removed': 0,
      'versions': list([
        dict({
          'test': 'hash1_test',
          'train': 'hash1_train',
        }),
        dict({
          'test': 'hash2_test',
          'train': 'hash2_train',
        }),
        dict({
          'test': 'hash3_test',
          'train': 'hash3_train',
        }),
      ]),
    }),
  })
# ---
# name: test_resolve_update_no_upstream[False-True-simple_chain-md5]
  dict({
    tuple(
      'clickhouse',
      True,
      False,
    ): dict({
      'added': 3,
      'changed': 0,
      'removed': 0,
      'versions': list([
        dict({
          'default': 'hash1_default',
        }),
        dict({
          'default': 'hash2_default',
        }),
        dict({
          'default': 'hash3_default',
        }),
      ]),
    }),
    tuple(
      'duckdb',
      True,
      False,
    ): dict({
      'added': 3,
      'changed': 0,
      'removed': 0,
      'versions': list([
        dict({
          'default': 'hash1_default',
        }),
        dict({
          'default': 'hash2_default',
        }),
        dict({
          'default': 'hash3_default',
        }),
      ]),
    }),
    tuple(
      'inmemory',
      True,
      False,
    ): dict({
      'added': 3,
      'changed': 0,
      'removed': 0,
      'versions': list([
        dict({
          'default': 'hash1_default',
        }),
        dict({
          'default': 'hash2_default',
        }),
        dict({
          'default': 'hash3_default',
        }),
      ]),
    }),
  })
# ---
# name: test_resolve_update_no_upstream[False-True-simple_chain-sha256]
  dict({
    tuple(
      'inmemory',
      True,
      False,
    ): dict({
      'added': 3,
      'changed': 0,
      'removed': 0,
      'versions': list([
        dict({
          'default': 'hash1_default',
        }),
        dict({
          'default': 'hash2_default',
        }),
        dict({
          'default': 'hash3_default',
        }),
      ]),
    }),
  })
# ---
# name: test_resolve_update_no_upstream[False-True-simple_chain-wyhash]
  dict({
    tuple(
      'inmemory',
      True,
      False,
    ): dict({
      'added': 3,
      'changed': 0,
      'removed': 0,
      'versions': list([
        dict({
          'default': 'hash1_default',
        }),
        dict({
          'default': 'hash2_default',
        }),
        dict({
          'default': 'hash3_default',
        }),
      ]),
    }),
  })
# ---
# name: test_resolve_update_no_upstream[False-True-simple_chain-xxhash32]
  dict({
    tuple(
      'clickhouse',
      True,
      False,
    ): dict({
      'added': 3,
      'changed': 0,
      'removed': 0,
      'versions': list([
        dict({
          'default': 'hash1_default',
        }),
        dict({
          'default': 'hash2_default',
        }),
        dict({
          'default': 'hash3_default',
        }),
      ]),
    }),
    tuple(
      'duckdb',
      True,
      False,
    ): dict({
      'added': 3,
      'changed': 0,
      'removed': 0,
      'versions': list([
        dict({
          'default': 'hash1_default',
        }),
        dict({
          'default': 'hash2_default',
        }),
        dict({
          'default': 'hash3_default',
        }),
      ]),
    }),
    tuple(
      'inmemory',
      True,
      False,
    ): dict({
      'added': 3,
      'changed': 0,
      'removed': 0,
      'versions': list([
        dict({
          'default': 'hash1_default',
        }),
        dict({
          'default': 'hash2_default',
        }),
        dict({
          'default': 'hash3_default',
        }),
      ]),
    }),
  })
# ---
# name: test_resolve_update_no_upstream[False-True-simple_chain-xxhash64]
  dict({
    tuple(
      'clickhouse',
      True,
      False,
    ): dict({
      'added': 3,
      'changed': 0,
      'removed': 0,
      'versions': list([
        dict({
          'default': 'hash1_default',
        }),
        dict({
          'default': 'hash2_default',
        }),
        dict({
          'default': 'hash3_default',
        }),
      ]),
    }),
    tuple(
      'duckdb',
      True,
      False,
    ): dict({
      'added': 3,
      'changed': 0,
      'removed': 0,
      'versions': list([
        dict({
          'default': 'hash1_default',
        }),
        dict({
          'default': 'hash2_default',
        }),
        dict({
          'default': 'hash3_default',
        }),
      ]),
    }),
    tuple(
      'inmemory',
      True,
      False,
    ): dict({
      'added': 3,
      'changed': 0,
      'removed': 0,
      'versions': list([
        dict({
          'default': 'hash1_default',
        }),
        dict({
          'default': 'hash2_default',
        }),
        dict({
          'default': 'hash3_default',
        }),
      ]),
    }),
  })
# ---
# name: test_resolve_update_no_upstream[True-False-diamond_graph-md5]
  dict({
    tuple(
      'clickhouse',
      False,
      True,
    ): dict({
      'added': 3,
      'changed': 0,
      'removed': 0,
      'versions': list([
        dict({
          'default': 'hash1_default',
        }),
        dict({
          'default': 'hash2_default',
        }),
        dict({
          'default': 'hash3_default',
        }),
      ]),
    }),
    tuple(
      'duckdb',
      False,
      True,
    ): dict({
      'added': 3,
      'changed': 0,
      'removed': 0,
      'versions': list([
        dict({
          'default': 'hash1_default',
        }),
        dict({
          'default': 'hash2_default',
        }),
        dict({
          'default': 'hash3_default',
        }),
      ]),
    }),
    tuple(
      'inmemory',
      False,
      True,
    ): dict({
      'added': 3,
      'changed': 0,
      'removed': 0,
      'versions': list([
        dict({
          'default': 'hash1_default',
        }),
        dict({
          'default': 'hash2_default',
        }),
        dict({
          'default': 'hash3_default',
        }),
      ]),
    }),
  })
# ---
# name: test_resolve_update_no_upstream[True-False-diamond_graph-sha256]
  dict({
    tuple(
      'inmemory',
      False,
      True,
    ): dict({
      'added': 3,
      'changed': 0,
      'removed': 0,
      'versions': list([
        dict({
          'default': 'hash1_default',
        }),
        dict({
          'default': 'hash2_default',
        }),
        dict({
          'default': 'hash3_default',
        }),
      ]),
    }),
  })
# ---
# name: test_resolve_update_no_upstream[True-False-diamond_graph-wyhash]
  dict({
    tuple(
      'inmemory',
      False,
      True,
    ): dict({
      'added': 3,
      'changed': 0,
      'removed': 0,
      'versions': list([
        dict({
          'default': 'hash1_default',
        }),
        dict({
          'default': 'hash2_default',
        }),
        dict({
          'default': 'hash3_default',
        }),
      ]),
    }),
  })
# ---
# name: test_resolve_update_no_upstream[True-False-diamond_graph-xxhash32]
  dict({
    tuple(
      'clickhouse',
      False,
      True,
    ): dict({
      'added': 3,
      'changed': 0,
      'removed': 0,
      'versions': list([
        dict({
          'default': 'hash1_default',
        }),
        dict({
          'default': 'hash2_default',
        }),
        dict({
          'default': 'hash3_default',
        }),
      ]),
    }),
    tuple(
      'duckdb',
      False,
      True,
    ): dict({
      'added': 3,
      'changed': 0,
      'removed': 0,
      'versions': list([
        dict({
          'default': 'hash1_default',
        }),
        dict({
          'default': 'hash2_default',
        }),
        dict({
          'default': 'hash3_default',
        }),
      ]),
    }),
    tuple(
      'inmemory',
      False,
      True,
    ): dict({
      'added': 3,
      'changed': 0,
      'removed': 0,
      'versions': list([
        dict({
          'default': 'hash1_default',
        }),
        dict({
          'default': 'hash2_default',
        }),
        dict({
          'default': 'hash3_default',
        }),
      ]),
    }),
  })
# ---
# name: test_resolve_update_no_upstream[True-False-diamond_graph-xxhash64]
  dict({
    tuple(
      'clickhouse',
      False,
      True,
    ): dict({
      'added': 3,
      'changed': 0,
      'removed': 0,
      'versions': list([
        dict({
          'default': 'hash1_default',
        }),
        dict({
          'default': 'hash2_default',
        }),
        dict({
          'default': 'hash3_default',
        }),
      ]),
    }),
    tuple(
      'duckdb',
      False,
      True,
    ): dict({
      'added': 3,
      'changed': 0,
      'removed': 0,
      'versions': list([
        dict({
          'default': 'hash1_default',
        }),
        dict({
          'default': 'hash2_default',
        }),
        dict({
          'default': 'hash3_default',
        }),
      ]),
    }),
    tuple(
      'inmemory',
      False,
      True,
    ): dict({
      'added': 3,
      'changed': 0,
      'removed': 0,
      'versions': list([
        dict({
          'default': 'hash1_default',
        }),
        dict({
          'default': 'hash2_default',
        }),
        dict({
          'default': 'hash3_default',
        }),
      ]),
    }),
  })
# ---
# name: test_resolve_update_no_upstream[True-False-multi_field-md5]
  dict({
    tuple(
      'clickhouse',
      False,
      True,
    ): dict({
      'added': 3,
      'changed': 0,
      'removed': 0,
      'versions': list([
        dict({
          'test': 'hash1_test',
          'train': 'hash1_train',
        }),
        dict({
          'test': 'hash2_test',
          'train': 'hash2_train',
        }),
        dict({
          'test': 'hash3_test',
          'train': 'hash3_train',
        }),
      ]),
    }),
    tuple(
      'duckdb',
      False,
      True,
    ): dict({
      'added': 3,
      'changed': 0,
      'removed': 0,
      'versions': list([
        dict({
          'test': 'hash1_test',
          'train': 'hash1_train',
        }),
        dict({
          'test': 'hash2_test',
          'train': 'hash2_train',
        }),
        dict({
          'test': 'hash3_test',
          'train': 'hash3_train',
        }),
      ]),
    }),
    tuple(
      'inmemory',
      False,
      True,
    ): dict({
      'added': 3,
      'changed': 0,
      'removed': 0,
      'versions': list([
        dict({
          'test': 'hash1_test',
          'train': 'hash1_train',
        }),
        dict({
          'test': 'hash2_test',
          'train': 'hash2_train',
        }),
        dict({
          'test': 'hash3_test',
          'train': 'hash3_train',
        }),
      ]),
    }),
  })
# ---
# name: test_resolve_update_no_upstream[True-False-multi_field-sha256]
  dict({
    tuple(
      'inmemory',
      False,
      True,
    ): dict({
      'added': 3,
      'changed': 0,
      'removed': 0,
      'versions': list([
        dict({
          'test': 'hash1_test',
          'train': 'hash1_train',
        }),
        dict({
          'test': 'hash2_test',
          'train': 'hash2_train',
        }),
        dict({
          'test': 'hash3_test',
          'train': 'hash3_train',
        }),
      ]),
    }),
  })
# ---
# name: test_resolve_update_no_upstream[True-False-multi_field-wyhash]
  dict({
    tuple(
      'inmemory',
      False,
      True,
    ): dict({
      'added': 3,
      'changed': 0,
      'removed': 0,
      'versions': list([
        dict({
          'test': 'hash1_test',
          'train': 'hash1_train',
        }),
        dict({
          'test': 'hash2_test',
          'train': 'hash2_train',
        }),
        dict({
          'test': 'hash3_test',
          'train': 'hash3_train',
        }),
      ]),
    }),
  })
# ---
# name: test_resolve_update_no_upstream[True-False-multi_field-xxhash32]
  dict({
    tuple(
      'clickhouse',
      False,
      True,
    ): dict({
      'added': 3,
      'changed': 0,
      'removed': 0,
      'versions': list([
        dict({
          'test': 'hash1_test',
          'train': 'hash1_train',
        }),
        dict({
          'test': 'hash2_test',
          'train': 'hash2_train',
        }),
        dict({
          'test': 'hash3_test',
          'train': 'hash3_train',
        }),
      ]),
    }),
    tuple(
      'duckdb',
      False,
      True,
    ): dict({
      'added': 3,
      'changed': 0,
      'removed': 0,
      'versions': list([
        dict({
          'test': 'hash1_test',
          'train': 'hash1_train',
        }),
        dict({
          'test': 'hash2_test',
          'train': 'hash2_train',
        }),
        dict({
          'test': 'hash3_test',
          'train': 'hash3_train',
        }),
      ]),
    }),
    tuple(
      'inmemory',
      False,
      True,
    ): dict({
      'added': 3,
      'changed': 0,
      'removed': 0,
      'versions': list([
        dict({
          'test': 'hash1_test',
          'train': 'hash1_train',
        }),
        dict({
          'test': 'hash2_test',
          'train': 'hash2_train',
        }),
        dict({
          'test': 'hash3_test',
          'train': 'hash3_train',
        }),
      ]),
    }),
  })
# ---
# name: test_resolve_update_no_upstream[True-False-multi_field-xxhash64]
  dict({
    tuple(
      'clickhouse',
      False,
      True,
    ): dict({
      'added': 3,
      'changed': 0,
      'removed': 0,
      'versions': list([
        dict({
          'test': 'hash1_test',
          'train': 'hash1_train',
        }),
        dict({
          'test': 'hash2_test',
          'train': 'hash2_train',
        }),
        dict({
          'test': 'hash3_test',
          'train': 'hash3_train',
        }),
      ]),
    }),
    tuple(
      'duckdb',
      False,
      True,
    ): dict({
      'added': 3,
      'changed': 0,
      'removed': 0,
      'versions': list([
        dict({
          'test': 'hash1_test',
          'train': 'hash1_train',
        }),
        dict({
          'test': 'hash2_test',
          'train': 'hash2_train',
        }),
        dict({
          'test': 'hash3_test',
          'train': 'hash3_train',
        }),
      ]),
    }),
    tuple(
      'inmemory',
      False,
      True,
    ): dict({
      'added': 3,
      'changed': 0,
      'removed': 0,
      'versions': list([
        dict({
          'test': 'hash1_test',
          'train': 'hash1_train',
        }),
        dict({
          'test': 'hash2_test',
          'train': 'hash2_train',
        }),
        dict({
          'test': 'hash3_test',
          'train': 'hash3_train',
        }),
      ]),
    }),
  })
# ---
# name: test_resolve_update_no_upstream[True-False-simple_chain-md5]
  dict({
    tuple(
      'clickhouse',
      False,
      True,
    ): dict({
      'added': 3,
      'changed': 0,
      'removed': 0,
      'versions': list([
        dict({
          'default': 'hash1_default',
        }),
        dict({
          'default': 'hash2_default',
        }),
        dict({
          'default': 'hash3_default',
        }),
      ]),
    }),
    tuple(
      'duckdb',
      False,
      True,
    ): dict({
      'added': 3,
      'changed': 0,
      'removed': 0,
      'versions': list([
        dict({
          'default': 'hash1_default',
        }),
        dict({
          'default': 'hash2_default',
        }),
        dict({
          'default': 'hash3_default',
        }),
      ]),
    }),
    tuple(
      'inmemory',
      False,
      True,
    ): dict({
      'added': 3,
      'changed': 0,
      'removed': 0,
      'versions': list([
        dict({
          'default': 'hash1_default',
        }),
        dict({
          'default': 'hash2_default',
        }),
        dict({
          'default': 'hash3_default',
        }),
      ]),
    }),
  })
# ---
# name: test_resolve_update_no_upstream[True-False-simple_chain-sha256]
  dict({
    tuple(
      'inmemory',
      False,
      True,
    ): dict({
      'added': 3,
      'changed': 0,
      'removed': 0,
      'versions': list([
        dict({
          'default': 'hash1_default',
        }),
        dict({
          'default': 'hash2_default',
        }),
        dict({
          'default': 'hash3_default',
        }),
      ]),
    }),
  })
# ---
# name: test_resolve_update_no_upstream[True-False-simple_chain-wyhash]
  dict({
    tuple(
      'inmemory',
      False,
      True,
    ): dict({
      'added': 3,
      'changed': 0,
      'removed': 0,
      'versions': list([
        dict({
          'default': 'hash1_default',
        }),
        dict({
          'default': 'hash2_default',
        }),
        dict({
          'default': 'hash3_default',
        }),
      ]),
    }),
  })
# ---
# name: test_resolve_update_no_upstream[True-False-simple_chain-xxhash32]
  dict({
    tuple(
      'clickhouse',
      False,
      True,
    ): dict({
      'added': 3,
      'changed': 0,
      'removed': 0,
      'versions': list([
        dict({
          'default': 'hash1_default',
        }),
        dict({
          'default': 'hash2_default',
        }),
        dict({
          'default': 'hash3_default',
        }),
      ]),
    }),
    tuple(
      'duckdb',
      False,
      True,
    ): dict({
      'added': 3,
      'changed': 0,
      'removed': 0,
      'versions': list([
        dict({
          'default': 'hash1_default',
        }),
        dict({
          'default': 'hash2_default',
        }),
        dict({
          'default': 'hash3_default',
        }),
      ]),
    }),
    tuple(
      'inmemory',
      False,
      True,
    ): dict({
      'added': 3,
      'changed': 0,
      'removed': 0,
      'versions': list([
        dict({
          'default': 'hash1_default',
        }),
        dict({
          'default': 'hash2_default',
        }),
        dict({
          'default': 'hash3_default',
        }),
      ]),
    }),
  })
# ---
# name: test_resolve_update_no_upstream[True-False-simple_chain-xxhash64]
  dict({
    tuple(
      'clickhouse',
      False,
      True,
    ): dict({
      'added': 3,
      'changed': 0,
      'removed': 0,
      'versions': list([
        dict({
          'default': 'hash1_default',
        }),
        dict({
          'default': 'hash2_default',
        }),
        dict({
          'default': 'hash3_default',
        }),
      ]),
    }),
    tuple(
      'duckdb',
      False,
      True,
    ): dict({
      'added': 3,
      'changed': 0,
      'removed': 0,
      'versions': list([
        dict({
          'default': 'hash1_default',
        }),
        dict({
          'default': 'hash2_default',
        }),
        dict({
          'default': 'hash3_default',
        }),
      ]),
    }),
    tuple(
      'inmemory',
      False,
      True,
    ): dict({
      'added': 3,
      'changed': 0,
      'removed': 0,
      'versions': list([
        dict({
          'default': 'hash1_default',
        }),
        dict({
          'default': 'hash2_default',
        }),
        dict({
          'default': 'hash3_default',
        }),
      ]),
    }),
  })
# ---
# name: test_resolve_update_no_upstream[True-True-diamond_graph-md5]
  dict({
    tuple(
      'clickhouse',
      True,
      True,
    ): dict({
      'added': 3,
      'changed': 0,
      'removed': 0,
      'versions': list([
        dict({
          'default': 'hash1_default',
        }),
        dict({
          'default': 'hash2_default',
        }),
        dict({
          'default': 'hash3_default',
        }),
      ]),
    }),
    tuple(
      'duckdb',
      True,
      True,
    ): dict({
      'added': 3,
      'changed': 0,
      'removed': 0,
      'versions': list([
        dict({
          'default': 'hash1_default',
        }),
        dict({
          'default': 'hash2_default',
        }),
        dict({
          'default': 'hash3_default',
        }),
      ]),
    }),
    tuple(
      'inmemory',
      True,
      True,
    ): dict({
      'added': 3,
      'changed': 0,
      'removed': 0,
      'versions': list([
        dict({
          'default': 'hash1_default',
        }),
        dict({
          'default': 'hash2_default',
        }),
        dict({
          'default': 'hash3_default',
        }),
      ]),
    }),
  })
# ---
# name: test_resolve_update_no_upstream[True-True-diamond_graph-sha256]
  dict({
    tuple(
      'inmemory',
      True,
      True,
    ): dict({
      'added': 3,
      'changed': 0,
      'removed': 0,
      'versions': list([
        dict({
          'default': 'hash1_default',
        }),
        dict({
          'default': 'hash2_default',
        }),
        dict({
          'default': 'hash3_default',
        }),
      ]),
    }),
  })
# ---
# name: test_resolve_update_no_upstream[True-True-diamond_graph-wyhash]
  dict({
    tuple(
      'inmemory',
      True,
      True,
    ): dict({
      'added': 3,
      'changed': 0,
      'removed': 0,
      'versions': list([
        dict({
          'default': 'hash1_default',
        }),
        dict({
          'default': 'hash2_default',
        }),
        dict({
          'default': 'hash3_default',
        }),
      ]),
    }),
  })
# ---
# name: test_resolve_update_no_upstream[True-True-diamond_graph-xxhash32]
  dict({
    tuple(
      'clickhouse',
      True,
      True,
    ): dict({
      'added': 3,
      'changed': 0,
      'removed': 0,
      'versions': list([
        dict({
          'default': 'hash1_default',
        }),
        dict({
          'default': 'hash2_default',
        }),
        dict({
          'default': 'hash3_default',
        }),
      ]),
    }),
    tuple(
      'duckdb',
      True,
      True,
    ): dict({
      'added': 3,
      'changed': 0,
      'removed': 0,
      'versions': list([
        dict({
          'default': 'hash1_default',
        }),
        dict({
          'default': 'hash2_default',
        }),
        dict({
          'default': 'hash3_default',
        }),
      ]),
    }),
    tuple(
      'inmemory',
      True,
      True,
    ): dict({
      'added': 3,
      'changed': 0,
      'removed': 0,
      'versions': list([
        dict({
          'default': 'hash1_default',
        }),
        dict({
          'default': 'hash2_default',
        }),
        dict({
          'default': 'hash3_default',
        }),
      ]),
    }),
  })
# ---
# name: test_resolve_update_no_upstream[True-True-diamond_graph-xxhash64]
  dict({
    tuple(
      'clickhouse',
      True,
      True,
    ): dict({
      'added': 3,
      'changed': 0,
      'removed': 0,
      'versions': list([
        dict({
          'default': 'hash1_default',
        }),
        dict({
          'default': 'hash2_default',
        }),
        dict({
          'default': 'hash3_default',
        }),
      ]),
    }),
    tuple(
      'duckdb',
      True,
      True,
    ): dict({
      'added': 3,
      'changed': 0,
      'removed': 0,
      'versions': list([
        dict({
          'default': 'hash1_default',
        }),
        dict({
          'default': 'hash2_default',
        }),
        dict({
          'default': 'hash3_default',
        }),
      ]),
    }),
    tuple(
      'inmemory',
      True,
      True,
    ): dict({
      'added': 3,
      'changed': 0,
      'removed': 0,
      'versions': list([
        dict({
          'default': 'hash1_default',
        }),
        dict({
          'default': 'hash2_default',
        }),
        dict({
          'default': 'hash3_default',
        }),
      ]),
    }),
  })
# ---
# name: test_resolve_update_no_upstream[True-True-multi_field-md5]
  dict({
    tuple(
      'clickhouse',
      True,
      True,
    ): dict({
      'added': 3,
      'changed': 0,
      'removed': 0,
      'versions': list([
        dict({
          'test': 'hash1_test',
          'train': 'hash1_train',
        }),
        dict({
          'test': 'hash2_test',
          'train': 'hash2_train',
        }),
        dict({
          'test': 'hash3_test',
          'train': 'hash3_train',
        }),
      ]),
    }),
    tuple(
      'duckdb',
      True,
      True,
    ): dict({
      'added': 3,
      'changed': 0,
      'removed': 0,
      'versions': list([
        dict({
          'test': 'hash1_test',
          'train': 'hash1_train',
        }),
        dict({
          'test': 'hash2_test',
          'train': 'hash2_train',
        }),
        dict({
          'test': 'hash3_test',
          'train': 'hash3_train',
        }),
      ]),
    }),
    tuple(
      'inmemory',
      True,
      True,
    ): dict({
      'added': 3,
      'changed': 0,
      'removed': 0,
      'versions': list([
        dict({
          'test': 'hash1_test',
          'train': 'hash1_train',
        }),
        dict({
          'test': 'hash2_test',
          'train': 'hash2_train',
        }),
        dict({
          'test': 'hash3_test',
          'train': 'hash3_train',
        }),
      ]),
    }),
  })
# ---
# name: test_resolve_update_no_upstream[True-True-multi_field-sha256]
  dict({
    tuple(
      'inmemory',
      True,
      True,
    ): dict({
      'added': 3,
      'changed': 0,
      'removed': 0,
      'versions': list([
        dict({
          'test': 'hash1_test',
          'train': 'hash1_train',
        }),
        dict({
          'test': 'hash2_test',
          'train': 'hash2_train',
        }),
        dict({
          'test': 'hash3_test',
          'train': 'hash3_train',
        }),
      ]),
    }),
  })
# ---
# name: test_resolve_update_no_upstream[True-True-multi_field-wyhash]
  dict({
    tuple(
      'inmemory',
      True,
      True,
    ): dict({
      'added': 3,
      'changed': 0,
      'removed': 0,
      'versions': list([
        dict({
          'test': 'hash1_test',
          'train': 'hash1_train',
        }),
        dict({
          'test': 'hash2_test',
          'train': 'hash2_train',
        }),
        dict({
          'test': 'hash3_test',
          'train': 'hash3_train',
        }),
      ]),
    }),
  })
# ---
# name: test_resolve_update_no_upstream[True-True-multi_field-xxhash32]
  dict({
    tuple(
      'clickhouse',
      True,
      True,
    ): dict({
      'added': 3,
      'changed': 0,
      'removed': 0,
      'versions': list([
        dict({
          'test': 'hash1_test',
          'train': 'hash1_train',
        }),
        dict({
          'test': 'hash2_test',
          'train': 'hash2_train',
        }),
        dict({
          'test': 'hash3_test',
          'train': 'hash3_train',
        }),
      ]),
    }),
    tuple(
      'duckdb',
      True,
      True,
    ): dict({
      'added': 3,
      'changed': 0,
      'removed': 0,
      'versions': list([
        dict({
          'test': 'hash1_test',
          'train': 'hash1_train',
        }),
        dict({
          'test': 'hash2_test',
          'train': 'hash2_train',
        }),
        dict({
          'test': 'hash3_test',
          'train': 'hash3_train',
        }),
      ]),
    }),
    tuple(
      'inmemory',
      True,
      True,
    ): dict({
      'added': 3,
      'changed': 0,
      'removed': 0,
      'versions': list([
        dict({
          'test': 'hash1_test',
          'train': 'hash1_train',
        }),
        dict({
          'test': 'hash2_test',
          'train': 'hash2_train',
        }),
        dict({
          'test': 'hash3_test',
          'train': 'hash3_train',
        }),
      ]),
    }),
  })
# ---
# name: test_resolve_update_no_upstream[True-True-multi_field-xxhash64]
  dict({
    tuple(
      'clickhouse',
      True,
      True,
    ): dict({
      'added': 3,
      'changed': 0,
      'removed': 0,
      'versions': list([
        dict({
          'test': 'hash1_test',
          'train': 'hash1_train',
        }),
        dict({
          'test': 'hash2_test',
          'train': 'hash2_train',
        }),
        dict({
          'test': 'hash3_test',
          'train': 'hash3_train',
        }),
      ]),
    }),
    tuple(
      'duckdb',
      True,
      True,
    ): dict({
      'added': 3,
      'changed': 0,
      'removed': 0,
      'versions': list([
        dict({
          'test': 'hash1_test',
          'train': 'hash1_train',
        }),
        dict({
          'test': 'hash2_test',
          'train': 'hash2_train',
        }),
        dict({
          'test': 'hash3_test',
          'train': 'hash3_train',
        }),
      ]),
    }),
    tuple(
      'inmemory',
      True,
      True,
    ): dict({
      'added': 3,
      'changed': 0,
      'removed': 0,
      'versions': list([
        dict({
          'test': 'hash1_test',
          'train': 'hash1_train',
        }),
        dict({
          'test': 'hash2_test',
          'train': 'hash2_train',
        }),
        dict({
          'test': 'hash3_test',
          'train': 'hash3_train',
        }),
      ]),
    }),
  })
# ---
# name: test_resolve_update_no_upstream[True-True-simple_chain-md5]
  dict({
    tuple(
      'clickhouse',
      True,
      True,
    ): dict({
      'added': 3,
      'changed': 0,
      'removed': 0,
      'versions': list([
        dict({
          'default': 'hash1_default',
        }),
        dict({
          'default': 'hash2_default',
        }),
        dict({
          'default': 'hash3_default',
        }),
      ]),
    }),
    tuple(
      'duckdb',
      True,
      True,
    ): dict({
      'added': 3,
      'changed': 0,
      'removed': 0,
      'versions': list([
        dict({
          'default': 'hash1_default',
        }),
        dict({
          'default': 'hash2_default',
        }),
        dict({
          'default': 'hash3_default',
        }),
      ]),
    }),
    tuple(
      'inmemory',
      True,
      True,
    ): dict({
      'added': 3,
      'changed': 0,
      'removed': 0,
      'versions': list([
        dict({
          'default': 'hash1_default',
        }),
        dict({
          'default': 'hash2_default',
        }),
        dict({
          'default': 'hash3_default',
        }),
      ]),
    }),
  })
# ---
# name: test_resolve_update_no_upstream[True-True-simple_chain-sha256]
  dict({
    tuple(
      'inmemory',
      True,
      True,
    ): dict({
      'added': 3,
      'changed': 0,
      'removed': 0,
      'versions': list([
        dict({
          'default': 'hash1_default',
        }),
        dict({
          'default': 'hash2_default',
        }),
        dict({
          'default': 'hash3_default',
        }),
      ]),
    }),
  })
# ---
# name: test_resolve_update_no_upstream[True-True-simple_chain-wyhash]
  dict({
    tuple(
      'inmemory',
      True,
      True,
    ): dict({
      'added': 3,
      'changed': 0,
      'removed': 0,
      'versions': list([
        dict({
          'default': 'hash1_default',
        }),
        dict({
          'default': 'hash2_default',
        }),
        dict({
          'default': 'hash3_default',
        }),
      ]),
    }),
  })
# ---
# name: test_resolve_update_no_upstream[True-True-simple_chain-xxhash32]
  dict({
    tuple(
      'clickhouse',
      True,
      True,
    ): dict({
      'added': 3,
      'changed': 0,
      'removed': 0,
      'versions': list([
        dict({
          'default': 'hash1_default',
        }),
        dict({
          'default': 'hash2_default',
        }),
        dict({
          'default': 'hash3_default',
        }),
      ]),
    }),
    tuple(
      'duckdb',
      True,
      True,
    ): dict({
      'added': 3,
      'changed': 0,
      'removed': 0,
      'versions': list([
        dict({
          'default': 'hash1_default',
        }),
        dict({
          'default': 'hash2_default',
        }),
        dict({
          'default': 'hash3_default',
        }),
      ]),
    }),
    tuple(
      'inmemory',
      True,
      True,
    ): dict({
      'added': 3,
      'changed': 0,
      'removed': 0,
      'versions': list([
        dict({
          'default': 'hash1_default',
        }),
        dict({
          'default': 'hash2_default',
        }),
        dict({
          'default': 'hash3_default',
        }),
      ]),
    }),
  })
# ---
# name: test_resolve_update_no_upstream[True-True-simple_chain-xxhash64]
  dict({
    tuple(
      'clickhouse',
      True,
      True,
    ): dict({
      'added': 3,
      'changed': 0,
      'removed': 0,
      'versions': list([
        dict({
          'default': 'hash1_default',
        }),
        dict({
          'default': 'hash2_default',
        }),
        dict({
          'default': 'hash3_default',
        }),
      ]),
    }),
    tuple(
      'duckdb',
      True,
      True,
    ): dict({
      'added': 3,
      'changed': 0,
      'removed': 0,
      'versions': list([
        dict({
          'default': 'hash1_default',
        }),
        dict({
          'default': 'hash2_default',
        }),
        dict({
          'default': 'hash3_default',
        }),
      ]),
    }),
    tuple(
      'inmemory',
      True,
      True,
    ): dict({
      'added': 3,
      'changed': 0,
      'removed': 0,
      'versions': list([
        dict({
          'default': 'hash1_default',
        }),
        dict({
          'default': 'hash2_default',
        }),
        dict({
          'default': 'hash3_default',
        }),
      ]),
    }),
  })
# ---
# name: test_resolve_update_with_upstream[diamond_graph-md5]
  dict({
    tuple(
      'clickhouse',
      False,
    ): dict({
      'added': 3,
      'changed': 0,
      'removed': 0,
      'versions': list([
        dict({
          'default': '4f9df714d1ad26c3249eb51788bd7675',
        }),
        dict({
          'default': '6a5658d8157fa3565ba4481d3e714429',
        }),
        dict({
          'default': '71c75c962b18d428b58d9d084300a041',
        }),
      ]),
    }),
    tuple(
      'clickhouse',
      True,
    ): dict({
      'added': 3,
      'changed': 0,
      'removed': 0,
      'versions': list([
        dict({
          'default': '4f9df714d1ad26c3249eb51788bd7675',
        }),
        dict({
          'default': '6a5658d8157fa3565ba4481d3e714429',
        }),
        dict({
          'default': '71c75c962b18d428b58d9d084300a041',
        }),
      ]),
    }),
    tuple(
      'duckdb',
      False,
    ): dict({
      'added': 3,
      'changed': 0,
      'removed': 0,
      'versions': list([
        dict({
          'default': '4f9df714d1ad26c3249eb51788bd7675',
        }),
        dict({
          'default': '6a5658d8157fa3565ba4481d3e714429',
        }),
        dict({
          'default': '71c75c962b18d428b58d9d084300a041',
        }),
      ]),
    }),
    tuple(
      'duckdb',
      True,
    ): dict({
      'added': 3,
      'changed': 0,
      'removed': 0,
      'versions': list([
        dict({
          'default': '4f9df714d1ad26c3249eb51788bd7675',
        }),
        dict({
          'default': '6a5658d8157fa3565ba4481d3e714429',
        }),
        dict({
          'default': '71c75c962b18d428b58d9d084300a041',
        }),
      ]),
    }),
    tuple(
      'inmemory',
      False,
    ): dict({
      'added': 3,
      'changed': 0,
      'removed': 0,
      'versions': list([
        dict({
          'default': '4f9df714d1ad26c3249eb51788bd7675',
        }),
        dict({
          'default': '6a5658d8157fa3565ba4481d3e714429',
        }),
        dict({
          'default': '71c75c962b18d428b58d9d084300a041',
        }),
      ]),
    }),
    tuple(
      'inmemory',
      True,
    ): dict({
      'added': 3,
      'changed': 0,
      'removed': 0,
      'versions': list([
        dict({
          'default': '4f9df714d1ad26c3249eb51788bd7675',
        }),
        dict({
          'default': '6a5658d8157fa3565ba4481d3e714429',
        }),
        dict({
          'default': '71c75c962b18d428b58d9d084300a041',
        }),
      ]),
    }),
  })
# ---
# name: test_resolve_update_with_upstream[diamond_graph-sha256]
  dict({
    tuple(
      'inmemory',
      False,
    ): dict({
      'added': 3,
      'changed': 0,
      'removed': 0,
      'versions': list([
        dict({
          'default': '567dccc5c5f8c63e8ca5d4901381454ec459093d6f58903e3993ba3aa74d3183',
        }),
        dict({
          'default': 'ada4f05ff684a4f2110fbcd656522afea4f23d32c992e8ba2f8e3217788a0a69',
        }),
        dict({
          'default': '8f5c85b5e61603fc484db7774c6a58ad79605a4344f52b4399f8f04fd9fec6c6',
        }),
      ]),
    }),
    tuple(
      'inmemory',
      True,
    ): dict({
      'added': 3,
      'changed': 0,
      'removed': 0,
      'versions': list([
        dict({
          'default': '567dccc5c5f8c63e8ca5d4901381454ec459093d6f58903e3993ba3aa74d3183',
        }),
        dict({
          'default': 'ada4f05ff684a4f2110fbcd656522afea4f23d32c992e8ba2f8e3217788a0a69',
        }),
        dict({
          'default': '8f5c85b5e61603fc484db7774c6a58ad79605a4344f52b4399f8f04fd9fec6c6',
        }),
      ]),
    }),
  })
# ---
# name: test_resolve_update_with_upstream[diamond_graph-wyhash]
  dict({
    tuple(
      'inmemory',
      False,
    ): dict({
      'added': 3,
      'changed': 0,
      'removed': 0,
      'versions': list([
        dict({
          'default': '15226749304335860880',
        }),
        dict({
          'default': '5270201699196031928',
        }),
        dict({
          'default': '10442596810721311590',
        }),
      ]),
    }),
    tuple(
      'inmemory',
      True,
    ): dict({
      'added': 3,
      'changed': 0,
      'removed': 0,
      'versions': list([
        dict({
          'default': '15226749304335860880',
        }),
        dict({
          'default': '5270201699196031928',
        }),
        dict({
          'default': '10442596810721311590',
        }),
      ]),
    }),
  })
# ---
# name: test_resolve_update_with_upstream[diamond_graph-xxhash32]
  dict({
    tuple(
      'clickhouse',
      False,
    ): dict({
      'added': 3,
      'changed': 0,
      'removed': 0,
      'versions': list([
        dict({
          'default': '1670511964',
        }),
        dict({
          'default': '3134333533',
        }),
        dict({
          'default': '2380478181',
        }),
      ]),
    }),
    tuple(
      'clickhouse',
      True,
    ): dict({
      'added': 3,
      'changed': 0,
      'removed': 0,
      'versions': list([
        dict({
          'default': '1670511964',
        }),
        dict({
          'default': '3134333533',
        }),
        dict({
          'default': '2380478181',
        }),
      ]),
    }),
    tuple(
      'duckdb',
      False,
    ): dict({
      'added': 3,
      'changed': 0,
      'removed': 0,
      'versions': list([
        dict({
          'default': '1670511964',
        }),
        dict({
          'default': '3134333533',
        }),
        dict({
          'default': '2380478181',
        }),
      ]),
    }),
    tuple(
      'duckdb',
      True,
    ): dict({
      'added': 3,
      'changed': 0,
      'removed': 0,
      'versions': list([
        dict({
          'default': '1670511964',
        }),
        dict({
          'default': '3134333533',
        }),
        dict({
          'default': '2380478181',
        }),
      ]),
    }),
    tuple(
      'inmemory',
      False,
    ): dict({
      'added': 3,
      'changed': 0,
      'removed': 0,
      'versions': list([
        dict({
          'default': '1670511964',
        }),
        dict({
          'default': '3134333533',
        }),
        dict({
          'default': '2380478181',
        }),
      ]),
    }),
    tuple(
      'inmemory',
      True,
    ): dict({
      'added': 3,
      'changed': 0,
      'removed': 0,
      'versions': list([
        dict({
          'default': '1670511964',
        }),
        dict({
          'default': '3134333533',
        }),
        dict({
          'default': '2380478181',
        }),
      ]),
    }),
  })
# ---
# name: test_resolve_update_with_upstream[diamond_graph-xxhash64]
  dict({
    tuple(
      'clickhouse',
      False,
    ): dict({
      'added': 3,
      'changed': 0,
      'removed': 0,
      'versions': list([
        dict({
          'default': '2420887540199449346',
        }),
        dict({
          'default': '12451822491388473603',
        }),
        dict({
          'default': '11167846791674290195',
        }),
      ]),
    }),
    tuple(
      'clickhouse',
      True,
    ): dict({
      'added': 3,
      'changed': 0,
      'removed': 0,
      'versions': list([
        dict({
          'default': '2420887540199449346',
        }),
        dict({
          'default': '12451822491388473603',
        }),
        dict({
          'default': '11167846791674290195',
        }),
      ]),
    }),
    tuple(
      'duckdb',
      False,
    ): dict({
      'added': 3,
      'changed': 0,
      'removed': 0,
      'versions': list([
        dict({
          'default': '2420887540199449346',
        }),
        dict({
          'default': '12451822491388473603',
        }),
        dict({
          'default': '11167846791674290195',
        }),
      ]),
    }),
    tuple(
      'duckdb',
      True,
    ): dict({
      'added': 3,
      'changed': 0,
      'removed': 0,
      'versions': list([
        dict({
          'default': '2420887540199449346',
        }),
        dict({
          'default': '12451822491388473603',
        }),
        dict({
          'default': '11167846791674290195',
        }),
      ]),
    }),
    tuple(
      'inmemory',
      False,
    ): dict({
      'added': 3,
      'changed': 0,
      'removed': 0,
      'versions': list([
        dict({
          'default': '2420887540199449346',
        }),
        dict({
          'default': '12451822491388473603',
        }),
        dict({
          'default': '11167846791674290195',
        }),
      ]),
    }),
    tuple(
      'inmemory',
      True,
    ): dict({
      'added': 3,
      'changed': 0,
      'removed': 0,
      'versions': list([
        dict({
          'default': '2420887540199449346',
        }),
        dict({
          'default': '12451822491388473603',
        }),
        dict({
          'default': '11167846791674290195',
        }),
      ]),
    }),
  })
# ---
# name: test_resolve_update_with_upstream[multi_field-xxhash32]
  dict({
    tuple(
      'clickhouse',
      False,
    ): dict({
      'added': 3,
      'changed': 0,
      'removed': 0,
      'versions': list([
        dict({
          'default': '1461775105',
        }),
        dict({
          'default': '2382240293',
        }),
        dict({
          'default': '28832373',
        }),
      ]),
    }),
    tuple(
      'clickhouse',
      True,
    ): dict({
      'added': 3,
      'changed': 0,
      'removed': 0,
      'versions': list([
        dict({
          'default': '1461775105',
        }),
        dict({
          'default': '2382240293',
        }),
        dict({
          'default': '28832373',
        }),
      ]),
    }),
    tuple(
      'duckdb',
      False,
    ): dict({
      'added': 3,
      'changed': 0,
      'removed': 0,
      'versions': list([
        dict({
          'default': '1461775105',
        }),
        dict({
          'default': '2382240293',
        }),
        dict({
          'default': '28832373',
        }),
      ]),
    }),
    tuple(
      'duckdb',
      True,
    ): dict({
      'added': 3,
      'changed': 0,
      'removed': 0,
      'versions': list([
        dict({
          'default': '1461775105',
        }),
        dict({
          'default': '2382240293',
        }),
        dict({
          'default': '28832373',
        }),
      ]),
    }),
    tuple(
      'inmemory',
      False,
    ): dict({
      'added': 3,
      'changed': 0,
      'removed': 0,
      'versions': list([
        dict({
          'default': '1461775105',
        }),
        dict({
          'default': '2382240293',
        }),
        dict({
          'default': '28832373',
        }),
      ]),
    }),
    tuple(
      'inmemory',
      True,
    ): dict({
      'added': 3,
      'changed': 0,
      'removed': 0,
      'versions': list([
        dict({
          'default': '1461775105',
        }),
        dict({
          'default': '2382240293',
        }),
        dict({
          'default': '28832373',
        }),
      ]),
    }),
  })
# ---
# name: test_resolve_update_with_upstream[multi_field-xxhash64]
  dict({
    tuple(
      'clickhouse',
      False,
    ): dict({
      'added': 3,
      'changed': 0,
      'removed': 0,
      'versions': list([
        dict({
          'default': '2974285457208488067',
        }),
        dict({
          'default': '12654974373045795122',
        }),
        dict({
          'default': '10233537835565592250',
        }),
      ]),
    }),
    tuple(
      'clickhouse',
      True,
    ): dict({
      'added': 3,
      'changed': 0,
      'removed': 0,
      'versions': list([
        dict({
          'default': '2974285457208488067',
        }),
        dict({
          'default': '12654974373045795122',
        }),
        dict({
          'default': '10233537835565592250',
        }),
      ]),
    }),
    tuple(
      'duckdb',
      False,
    ): dict({
      'added': 3,
      'changed': 0,
      'removed': 0,
      'versions': list([
        dict({
          'default': '2974285457208488067',
        }),
        dict({
          'default': '12654974373045795122',
        }),
        dict({
          'default': '10233537835565592250',
        }),
      ]),
    }),
    tuple(
      'duckdb',
      True,
    ): dict({
      'added': 3,
      'changed': 0,
      'removed': 0,
      'versions': list([
        dict({
          'default': '2974285457208488067',
        }),
        dict({
          'default': '12654974373045795122',
        }),
        dict({
          'default': '10233537835565592250',
        }),
      ]),
    }),
    tuple(
      'inmemory',
      False,
    ): dict({
      'added': 3,
      'changed': 0,
      'removed': 0,
      'versions': list([
        dict({
          'default': '2974285457208488067',
        }),
        dict({
          'default': '12654974373045795122',
        }),
        dict({
          'default': '10233537835565592250',
        }),
      ]),
    }),
    tuple(
      'inmemory',
      True,
    ): dict({
      'added': 3,
      'changed': 0,
      'removed': 0,
      'versions': list([
        dict({
          'default': '2974285457208488067',
        }),
        dict({
          'default': '12654974373045795122',
        }),
        dict({
          'default': '10233537835565592250',
        }),
      ]),
    }),
  })
# ---
# name: test_resolve_update_with_upstream[simple_chain-md5]
  dict({
    tuple(
      'clickhouse',
      False,
    ): dict({
      'added': 3,
      'changed': 0,
      'removed': 0,
      'versions': list([
        dict({
          'default': '0eefa4a455d1f5a8feee716ba6734362',
        }),
        dict({
          'default': '45374badac42a53905a504c1d374c026',
        }),
        dict({
          'default': '90c6bad205f3174f4bc957db76b55162',
        }),
      ]),
    }),
    tuple(
      'clickhouse',
      True,
    ): dict({
      'added': 3,
      'changed': 0,
      'removed': 0,
      'versions': list([
        dict({
          'default': '0eefa4a455d1f5a8feee716ba6734362',
        }),
        dict({
          'default': '45374badac42a53905a504c1d374c026',
        }),
        dict({
          'default': '90c6bad205f3174f4bc957db76b55162',
        }),
      ]),
    }),
    tuple(
      'duckdb',
      False,
    ): dict({
      'added': 3,
      'changed': 0,
      'removed': 0,
      'versions': list([
        dict({
          'default': '0eefa4a455d1f5a8feee716ba6734362',
        }),
        dict({
          'default': '45374badac42a53905a504c1d374c026',
        }),
        dict({
          'default': '90c6bad205f3174f4bc957db76b55162',
        }),
      ]),
    }),
    tuple(
      'duckdb',
      True,
    ): dict({
      'added': 3,
      'changed': 0,
      'removed': 0,
      'versions': list([
        dict({
          'default': '0eefa4a455d1f5a8feee716ba6734362',
        }),
        dict({
          'default': '45374badac42a53905a504c1d374c026',
        }),
        dict({
          'default': '90c6bad205f3174f4bc957db76b55162',
        }),
      ]),
    }),
    tuple(
      'inmemory',
      False,
    ): dict({
      'added': 3,
      'changed': 0,
      'removed': 0,
      'versions': list([
        dict({
          'default': '0eefa4a455d1f5a8feee716ba6734362',
        }),
        dict({
          'default': '45374badac42a53905a504c1d374c026',
        }),
        dict({
          'default': '90c6bad205f3174f4bc957db76b55162',
        }),
      ]),
    }),
    tuple(
      'inmemory',
      True,
    ): dict({
      'added': 3,
      'changed': 0,
      'removed': 0,
      'versions': list([
        dict({
          'default': '0eefa4a455d1f5a8feee716ba6734362',
        }),
        dict({
          'default': '45374badac42a53905a504c1d374c026',
        }),
        dict({
          'default': '90c6bad205f3174f4bc957db76b55162',
        }),
      ]),
    }),
  })
# ---
# name: test_resolve_update_with_upstream[simple_chain-sha256]
  dict({
    tuple(
      'inmemory',
      False,
    ): dict({
      'added': 3,
      'changed': 0,
      'removed': 0,
      'versions': list([
        dict({
          'default': '525b6d5368ed92bf7a3b29aa7248b505ccb787bdc66591619bfed49404ba48e3',
        }),
        dict({
          'default': 'c1b47bcb7bc9f253ad3ad558000ddff009886fdfae550a72764e788969bcb783',
        }),
        dict({
          'default': '840a6285c91646438f8fab44e1c6c8adaa4cd1d3d477be51fcf9ce8e47f6407b',
        }),
      ]),
    }),
    tuple(
      'inmemory',
      True,
    ): dict({
      'added': 3,
      'changed': 0,
      'removed': 0,
      'versions': list([
        dict({
          'default': '525b6d5368ed92bf7a3b29aa7248b505ccb787bdc66591619bfed49404ba48e3',
        }),
        dict({
          'default': 'c1b47bcb7bc9f253ad3ad558000ddff009886fdfae550a72764e788969bcb783',
        }),
        dict({
          'default': '840a6285c91646438f8fab44e1c6c8adaa4cd1d3d477be51fcf9ce8e47f6407b',
        }),
      ]),
    }),
  })
# ---
# name: test_resolve_update_with_upstream[simple_chain-wyhash]
  dict({
    tuple(
      'inmemory',
      False,
    ): dict({
      'added': 3,
      'changed': 0,
      'removed': 0,
      'versions': list([
        dict({
          'default': '4668216809693791590',
        }),
        dict({
          'default': '4857168970417459241',
        }),
        dict({
          'default': '1020151955873740869',
        }),
      ]),
    }),
    tuple(
      'inmemory',
      True,
    ): dict({
      'added': 3,
      'changed': 0,
      'removed': 0,
      'versions': list([
        dict({
          'default': '4668216809693791590',
        }),
        dict({
          'default': '4857168970417459241',
        }),
        dict({
          'default': '1020151955873740869',
        }),
      ]),
    }),
  })
# ---
# name: test_resolve_update_with_upstream[simple_chain-xxhash32]
  dict({
    tuple(
      'clickhouse',
      False,
    ): dict({
      'added': 3,
      'changed': 0,
      'removed': 0,
      'versions': list([
        dict({
          'default': '3792386664',
        }),
        dict({
          'default': '1761693770',
        }),
        dict({
          'default': '1814268731',
        }),
      ]),
    }),
    tuple(
      'clickhouse',
      True,
    ): dict({
      'added': 3,
      'changed': 0,
      'removed': 0,
      'versions': list([
        dict({
          'default': '3792386664',
        }),
        dict({
          'default': '1761693770',
        }),
        dict({
          'default': '1814268731',
        }),
      ]),
    }),
    tuple(
      'duckdb',
      False,
    ): dict({
      'added': 3,
      'changed': 0,
      'removed': 0,
      'versions': list([
        dict({
          'default': '3792386664',
        }),
        dict({
          'default': '1761693770',
        }),
        dict({
          'default': '1814268731',
        }),
      ]),
    }),
    tuple(
      'duckdb',
      True,
    ): dict({
      'added': 3,
      'changed': 0,
      'removed': 0,
      'versions': list([
        dict({
          'default': '3792386664',
        }),
        dict({
          'default': '1761693770',
        }),
        dict({
          'default': '1814268731',
        }),
      ]),
    }),
    tuple(
      'inmemory',
      False,
    ): dict({
      'added': 3,
      'changed': 0,
      'removed': 0,
      'versions': list([
        dict({
          'default': '3792386664',
        }),
        dict({
          'default': '1761693770',
        }),
        dict({
          'default': '1814268731',
        }),
      ]),
    }),
    tuple(
      'inmemory',
      True,
    ): dict({
      'added': 3,
      'changed': 0,
      'removed': 0,
      'versions': list([
        dict({
          'default': '3792386664',
        }),
        dict({
          'default': '1761693770',
        }),
        dict({
          'default': '1814268731',
        }),
      ]),
    }),
  })
# ---
# name: test_resolve_update_with_upstream[simple_chain-xxhash64]
  dict({
    tuple(
      'clickhouse',
      False,
    ): dict({
      'added': 3,
      'changed': 0,
      'removed': 0,
      'versions': list([
        dict({
          'default': '16698639220543966508',
        }),
        dict({
          'default': '586787157617226196',
        }),
        dict({
          'default': '12059215929306629396',
        }),
      ]),
    }),
    tuple(
      'clickhouse',
      True,
    ): dict({
      'added': 3,
      'changed': 0,
      'removed': 0,
      'versions': list([
        dict({
          'default': '16698639220543966508',
        }),
        dict({
          'default': '586787157617226196',
        }),
        dict({
          'default': '12059215929306629396',
        }),
      ]),
    }),
    tuple(
      'duckdb',
      False,
    ): dict({
      'added': 3,
      'changed': 0,
      'removed': 0,
      'versions': list([
        dict({
          'default': '16698639220543966508',
        }),
        dict({
          'default': '586787157617226196',
        }),
        dict({
          'default': '12059215929306629396',
        }),
      ]),
    }),
    tuple(
      'duckdb',
      True,
    ): dict({
      'added': 3,
      'changed': 0,
      'removed': 0,
      'versions': list([
        dict({
          'default': '16698639220543966508',
        }),
        dict({
          'default': '586787157617226196',
        }),
        dict({
          'default': '12059215929306629396',
        }),
      ]),
    }),
    tuple(
      'inmemory',
      False,
    ): dict({
      'added': 3,
      'changed': 0,
      'removed': 0,
      'versions': list([
        dict({
          'default': '16698639220543966508',
        }),
        dict({
          'default': '586787157617226196',
        }),
        dict({
          'default': '12059215929306629396',
        }),
      ]),
    }),
    tuple(
      'inmemory',
      True,
    ): dict({
      'added': 3,
      'changed': 0,
      'removed': 0,
      'versions': list([
        dict({
          'default': '16698639220543966508',
        }),
        dict({
          'default': '586787157617226196',
        }),
        dict({
          'default': '12059215929306629396',
        }),
      ]),
    }),
  })
# ---
