# serializer version: 1
# name: test_snapshot_push_result_snapshot_comparison
  dict({
    'final_versions_count': 4,
    'results': list([
      dict({
        'already_pushed': False,
        'push': 1,
        'updated_features': list([
        ]),
      }),
      dict({
        'already_pushed': True,
        'push': 2,
        'updated_features': list([
        ]),
      }),
      dict({
        'already_pushed': True,
        'push': 3,
        'updated_features': list([
          'upstream',
          'downstream',
        ]),
      }),
    ]),
    'versions': list([
      dict({
        'feature_key': 'upstream',
        'metaxy_definition_version': 'dad5e9380cd075b7aa96135fb981a443c86d4035bfbf6af23dc7d4df96982bcc',
        'metaxy_feature_version': '8a2ffeab8da447095c5ee7a77e5635a1e16e7f3605021732f50f7002fa258398',
        'metaxy_snapshot_version': '1ab4ecd9d7af535b843dc22416dd99d5e430317c0a2bcd01fe83ffc2d7392da8',
      }),
      dict({
        'feature_key': 'downstream',
        'metaxy_definition_version': 'e7078ef310c8cb205fee3dd2016663d7f5523f9603a1e4b324dc82f4f6466ec1',
        'metaxy_feature_version': '7b8e38a11f800fb93c18c0e04c4609d7b52ec12b62177ba8355531d363f01751',
        'metaxy_snapshot_version': '1ab4ecd9d7af535b843dc22416dd99d5e430317c0a2bcd01fe83ffc2d7392da8',
      }),
      dict({
        'feature_key': 'upstream',
        'metaxy_definition_version': '068d0db0610bc709a49c1f7c2943de7fed4adfb021e75666d9f99484d0181c6f',
        'metaxy_feature_version': '8a2ffeab8da447095c5ee7a77e5635a1e16e7f3605021732f50f7002fa258398',
        'metaxy_snapshot_version': '1ab4ecd9d7af535b843dc22416dd99d5e430317c0a2bcd01fe83ffc2d7392da8',
      }),
      dict({
        'feature_key': 'downstream',
        'metaxy_definition_version': '224d11269b43bbe4740208e38fe9afd6fea6fbb40defc02c2b51efa0afc0039c',
        'metaxy_feature_version': '7b8e38a11f800fb93c18c0e04c4609d7b52ec12b62177ba8355531d363f01751',
        'metaxy_snapshot_version': '1ab4ecd9d7af535b843dc22416dd99d5e430317c0a2bcd01fe83ffc2d7392da8',
      }),
    ]),
  })
# ---
