# serializer version: 1
# name: test_snapshot_push_result_snapshot_comparison
  dict({
    'final_versions_count': 4,
    'results': list([
      dict({
        'already_pushed': False,
        'push': 1,
        'updated_features': list([
        ]),
      }),
      dict({
        'already_pushed': True,
        'push': 2,
        'updated_features': list([
        ]),
      }),
      dict({
        'already_pushed': True,
        'push': 3,
        'updated_features': list([
          'upstream',
          'downstream',
        ]),
      }),
    ]),
    'versions': list([
      dict({
        'feature_key': 'upstream',
        'metaxy_feature_spec_version': 'be58694e7398104f76d33fc257c74f73a10acd90451fde582e09e84584b3cc66',
        'metaxy_feature_version': '8a2ffeab8da447095c5ee7a77e5635a1e16e7f3605021732f50f7002fa258398',
        'metaxy_snapshot_version': '7576c0ff67b7485a71c60c7fb788e81fa60e0e08d3e3524077bcfa965973b4ba',
      }),
      dict({
        'feature_key': 'downstream',
        'metaxy_feature_spec_version': 'df2bda0277d827e0e83587b7e620cb46c6b7a7eae9343593417537f28f91c041',
        'metaxy_feature_version': '7b8e38a11f800fb93c18c0e04c4609d7b52ec12b62177ba8355531d363f01751',
        'metaxy_snapshot_version': '7576c0ff67b7485a71c60c7fb788e81fa60e0e08d3e3524077bcfa965973b4ba',
      }),
      dict({
        'feature_key': 'upstream',
        'metaxy_feature_spec_version': 'be58694e7398104f76d33fc257c74f73a10acd90451fde582e09e84584b3cc66',
        'metaxy_feature_version': '8a2ffeab8da447095c5ee7a77e5635a1e16e7f3605021732f50f7002fa258398',
        'metaxy_snapshot_version': '7576c0ff67b7485a71c60c7fb788e81fa60e0e08d3e3524077bcfa965973b4ba',
      }),
      dict({
        'feature_key': 'downstream',
        'metaxy_feature_spec_version': 'ca87f85cbe1fc530bbb2a227e0fe24c1f82d4dfca8154009cdb7e6d04e9f77b9',
        'metaxy_feature_version': '7b8e38a11f800fb93c18c0e04c4609d7b52ec12b62177ba8355531d363f01751',
        'metaxy_snapshot_version': '7576c0ff67b7485a71c60c7fb788e81fa60e0e08d3e3524077bcfa965973b4ba',
      }),
    ]),
  })
# ---
