# serializer version: 1
# name: test_get_downstream_features_across_projects
  dict({
    'downstream_keys': list([
      'mid',
      'leaf',
    ]),
    'leaf': 'project_c',
    'mid': 'project_b',
    'root': 'project_a',
  })
# ---
# name: test_graph_contains_features_from_multiple_projects
  dict({
    'project_a/feature1': 'test_multi_project_graph',
    'project_a/feature2': 'test_multi_project_graph',
    'project_b/feature1': 'test_multi_project_graph',
    'project_b/feature2': 'test_multi_project_graph',
  })
# ---
# name: test_graph_from_snapshot_preserves_projects
  dict({
    'restore/feature_a': 'test_multi_project_graph',
    'restore/feature_b': 'test_multi_project_graph',
  })
# ---
# name: test_graph_snapshot_includes_all_projects
  list([
    'feature_a',
    'feature_b',
  ])
# ---
# name: test_multi_project_dependency_graph
  dict({
    'downstream_project': 'project_b',
    'has_dependency': True,
    'upstream_project': 'project_a',
  })
# ---
