# serializer version: 1
# name: test_resolve_update_feature_version_change_idempotency[multi_field-md5]
  dict({
    'clickhouse_native=False': dict({
      'first_run': dict({
        'added': 3,
        'changed': 0,
        'removed': 0,
      }),
      'metaxy_feature_version': '70c6be12249631e16e814cba005c5653f999e7a659400ff3efc4ee7196f6370f',
      'second_run': dict({
        'added': 3,
        'changed': 0,
        'removed': 0,
      }),
    }),
    'clickhouse_native=True': dict({
      'first_run': dict({
        'added': 3,
        'changed': 0,
        'removed': 0,
      }),
      'metaxy_feature_version': '70c6be12249631e16e814cba005c5653f999e7a659400ff3efc4ee7196f6370f',
      'second_run': dict({
        'added': 3,
        'changed': 0,
        'removed': 0,
      }),
    }),
    'duckdb_native=False': dict({
      'first_run': dict({
        'added': 3,
        'changed': 0,
        'removed': 0,
      }),
      'metaxy_feature_version': '70c6be12249631e16e814cba005c5653f999e7a659400ff3efc4ee7196f6370f',
      'second_run': dict({
        'added': 3,
        'changed': 0,
        'removed': 0,
      }),
    }),
    'duckdb_native=True': dict({
      'first_run': dict({
        'added': 3,
        'changed': 0,
        'removed': 0,
      }),
      'metaxy_feature_version': '70c6be12249631e16e814cba005c5653f999e7a659400ff3efc4ee7196f6370f',
      'second_run': dict({
        'added': 3,
        'changed': 0,
        'removed': 0,
      }),
    }),
    'inmemory_native=False': dict({
      'first_run': dict({
        'added': 3,
        'changed': 0,
        'removed': 0,
      }),
      'metaxy_feature_version': '70c6be12249631e16e814cba005c5653f999e7a659400ff3efc4ee7196f6370f',
      'second_run': dict({
        'added': 3,
        'changed': 0,
        'removed': 0,
      }),
    }),
    'inmemory_native=True': dict({
      'first_run': dict({
        'added': 3,
        'changed': 0,
        'removed': 0,
      }),
      'metaxy_feature_version': '70c6be12249631e16e814cba005c5653f999e7a659400ff3efc4ee7196f6370f',
      'second_run': dict({
        'added': 3,
        'changed': 0,
        'removed': 0,
      }),
    }),
  })
# ---
# name: test_resolve_update_feature_version_change_idempotency[multi_field-sha256]
  dict({
    'inmemory_native=False': dict({
      'first_run': dict({
        'added': 3,
        'changed': 0,
        'removed': 0,
      }),
      'metaxy_feature_version': '70c6be12249631e16e814cba005c5653f999e7a659400ff3efc4ee7196f6370f',
      'second_run': dict({
        'added': 3,
        'changed': 0,
        'removed': 0,
      }),
    }),
    'inmemory_native=True': dict({
      'first_run': dict({
        'added': 3,
        'changed': 0,
        'removed': 0,
      }),
      'metaxy_feature_version': '70c6be12249631e16e814cba005c5653f999e7a659400ff3efc4ee7196f6370f',
      'second_run': dict({
        'added': 3,
        'changed': 0,
        'removed': 0,
      }),
    }),
  })
# ---
# name: test_resolve_update_feature_version_change_idempotency[multi_field-wyhash]
  dict({
    'inmemory_native=False': dict({
      'first_run': dict({
        'added': 3,
        'changed': 0,
        'removed': 0,
      }),
      'metaxy_feature_version': '70c6be12249631e16e814cba005c5653f999e7a659400ff3efc4ee7196f6370f',
      'second_run': dict({
        'added': 3,
        'changed': 0,
        'removed': 0,
      }),
    }),
    'inmemory_native=True': dict({
      'first_run': dict({
        'added': 3,
        'changed': 0,
        'removed': 0,
      }),
      'metaxy_feature_version': '70c6be12249631e16e814cba005c5653f999e7a659400ff3efc4ee7196f6370f',
      'second_run': dict({
        'added': 3,
        'changed': 0,
        'removed': 0,
      }),
    }),
  })
# ---
# name: test_resolve_update_feature_version_change_idempotency[multi_field-xxhash32]
  dict({
    'clickhouse_native=False': dict({
      'first_run': dict({
        'added': 3,
        'changed': 0,
        'removed': 0,
      }),
      'metaxy_feature_version': '70c6be12249631e16e814cba005c5653f999e7a659400ff3efc4ee7196f6370f',
      'second_run': dict({
        'added': 3,
        'changed': 0,
        'removed': 0,
      }),
    }),
    'clickhouse_native=True': dict({
      'first_run': dict({
        'added': 3,
        'changed': 0,
        'removed': 0,
      }),
      'metaxy_feature_version': '70c6be12249631e16e814cba005c5653f999e7a659400ff3efc4ee7196f6370f',
      'second_run': dict({
        'added': 3,
        'changed': 0,
        'removed': 0,
      }),
    }),
    'duckdb_native=False': dict({
      'first_run': dict({
        'added': 3,
        'changed': 0,
        'removed': 0,
      }),
      'metaxy_feature_version': '70c6be12249631e16e814cba005c5653f999e7a659400ff3efc4ee7196f6370f',
      'second_run': dict({
        'added': 3,
        'changed': 0,
        'removed': 0,
      }),
    }),
    'duckdb_native=True': dict({
      'first_run': dict({
        'added': 3,
        'changed': 0,
        'removed': 0,
      }),
      'metaxy_feature_version': '70c6be12249631e16e814cba005c5653f999e7a659400ff3efc4ee7196f6370f',
      'second_run': dict({
        'added': 3,
        'changed': 0,
        'removed': 0,
      }),
    }),
    'inmemory_native=False': dict({
      'first_run': dict({
        'added': 3,
        'changed': 0,
        'removed': 0,
      }),
      'metaxy_feature_version': '70c6be12249631e16e814cba005c5653f999e7a659400ff3efc4ee7196f6370f',
      'second_run': dict({
        'added': 3,
        'changed': 0,
        'removed': 0,
      }),
    }),
    'inmemory_native=True': dict({
      'first_run': dict({
        'added': 3,
        'changed': 0,
        'removed': 0,
      }),
      'metaxy_feature_version': '70c6be12249631e16e814cba005c5653f999e7a659400ff3efc4ee7196f6370f',
      'second_run': dict({
        'added': 3,
        'changed': 0,
        'removed': 0,
      }),
    }),
  })
# ---
# name: test_resolve_update_feature_version_change_idempotency[multi_field-xxhash64]
  dict({
    'clickhouse_native=False': dict({
      'first_run': dict({
        'added': 3,
        'changed': 0,
        'removed': 0,
      }),
      'metaxy_feature_version': '70c6be12249631e16e814cba005c5653f999e7a659400ff3efc4ee7196f6370f',
      'second_run': dict({
        'added': 3,
        'changed': 0,
        'removed': 0,
      }),
    }),
    'clickhouse_native=True': dict({
      'first_run': dict({
        'added': 3,
        'changed': 0,
        'removed': 0,
      }),
      'metaxy_feature_version': '70c6be12249631e16e814cba005c5653f999e7a659400ff3efc4ee7196f6370f',
      'second_run': dict({
        'added': 3,
        'changed': 0,
        'removed': 0,
      }),
    }),
    'duckdb_native=False': dict({
      'first_run': dict({
        'added': 3,
        'changed': 0,
        'removed': 0,
      }),
      'metaxy_feature_version': '70c6be12249631e16e814cba005c5653f999e7a659400ff3efc4ee7196f6370f',
      'second_run': dict({
        'added': 3,
        'changed': 0,
        'removed': 0,
      }),
    }),
    'duckdb_native=True': dict({
      'first_run': dict({
        'added': 3,
        'changed': 0,
        'removed': 0,
      }),
      'metaxy_feature_version': '70c6be12249631e16e814cba005c5653f999e7a659400ff3efc4ee7196f6370f',
      'second_run': dict({
        'added': 3,
        'changed': 0,
        'removed': 0,
      }),
    }),
    'inmemory_native=False': dict({
      'first_run': dict({
        'added': 3,
        'changed': 0,
        'removed': 0,
      }),
      'metaxy_feature_version': '70c6be12249631e16e814cba005c5653f999e7a659400ff3efc4ee7196f6370f',
      'second_run': dict({
        'added': 3,
        'changed': 0,
        'removed': 0,
      }),
    }),
    'inmemory_native=True': dict({
      'first_run': dict({
        'added': 3,
        'changed': 0,
        'removed': 0,
      }),
      'metaxy_feature_version': '70c6be12249631e16e814cba005c5653f999e7a659400ff3efc4ee7196f6370f',
      'second_run': dict({
        'added': 3,
        'changed': 0,
        'removed': 0,
      }),
    }),
  })
# ---
# name: test_resolve_update_feature_version_change_idempotency[simple_chain-md5]
  dict({
    'clickhouse_native=False': dict({
      'first_run': dict({
        'added': 3,
        'changed': 0,
        'removed': 0,
      }),
      'metaxy_feature_version': '41c074195bddc1d5004115b121467b9c46d466f4820a60be1cd0b89eacad512d',
      'second_run': dict({
        'added': 3,
        'changed': 0,
        'removed': 0,
      }),
    }),
    'clickhouse_native=True': dict({
      'first_run': dict({
        'added': 3,
        'changed': 0,
        'removed': 0,
      }),
      'metaxy_feature_version': '41c074195bddc1d5004115b121467b9c46d466f4820a60be1cd0b89eacad512d',
      'second_run': dict({
        'added': 3,
        'changed': 0,
        'removed': 0,
      }),
    }),
    'duckdb_native=False': dict({
      'first_run': dict({
        'added': 3,
        'changed': 0,
        'removed': 0,
      }),
      'metaxy_feature_version': '41c074195bddc1d5004115b121467b9c46d466f4820a60be1cd0b89eacad512d',
      'second_run': dict({
        'added': 3,
        'changed': 0,
        'removed': 0,
      }),
    }),
    'duckdb_native=True': dict({
      'first_run': dict({
        'added': 3,
        'changed': 0,
        'removed': 0,
      }),
      'metaxy_feature_version': '41c074195bddc1d5004115b121467b9c46d466f4820a60be1cd0b89eacad512d',
      'second_run': dict({
        'added': 3,
        'changed': 0,
        'removed': 0,
      }),
    }),
    'inmemory_native=False': dict({
      'first_run': dict({
        'added': 3,
        'changed': 0,
        'removed': 0,
      }),
      'metaxy_feature_version': '41c074195bddc1d5004115b121467b9c46d466f4820a60be1cd0b89eacad512d',
      'second_run': dict({
        'added': 3,
        'changed': 0,
        'removed': 0,
      }),
    }),
    'inmemory_native=True': dict({
      'first_run': dict({
        'added': 3,
        'changed': 0,
        'removed': 0,
      }),
      'metaxy_feature_version': '41c074195bddc1d5004115b121467b9c46d466f4820a60be1cd0b89eacad512d',
      'second_run': dict({
        'added': 3,
        'changed': 0,
        'removed': 0,
      }),
    }),
  })
# ---
# name: test_resolve_update_feature_version_change_idempotency[simple_chain-sha256]
  dict({
    'inmemory_native=False': dict({
      'first_run': dict({
        'added': 3,
        'changed': 0,
        'removed': 0,
      }),
      'metaxy_feature_version': '41c074195bddc1d5004115b121467b9c46d466f4820a60be1cd0b89eacad512d',
      'second_run': dict({
        'added': 3,
        'changed': 0,
        'removed': 0,
      }),
    }),
    'inmemory_native=True': dict({
      'first_run': dict({
        'added': 3,
        'changed': 0,
        'removed': 0,
      }),
      'metaxy_feature_version': '41c074195bddc1d5004115b121467b9c46d466f4820a60be1cd0b89eacad512d',
      'second_run': dict({
        'added': 3,
        'changed': 0,
        'removed': 0,
      }),
    }),
  })
# ---
# name: test_resolve_update_feature_version_change_idempotency[simple_chain-wyhash]
  dict({
    'inmemory_native=False': dict({
      'first_run': dict({
        'added': 3,
        'changed': 0,
        'removed': 0,
      }),
      'metaxy_feature_version': '41c074195bddc1d5004115b121467b9c46d466f4820a60be1cd0b89eacad512d',
      'second_run': dict({
        'added': 3,
        'changed': 0,
        'removed': 0,
      }),
    }),
    'inmemory_native=True': dict({
      'first_run': dict({
        'added': 3,
        'changed': 0,
        'removed': 0,
      }),
      'metaxy_feature_version': '41c074195bddc1d5004115b121467b9c46d466f4820a60be1cd0b89eacad512d',
      'second_run': dict({
        'added': 3,
        'changed': 0,
        'removed': 0,
      }),
    }),
  })
# ---
# name: test_resolve_update_feature_version_change_idempotency[simple_chain-xxhash32]
  dict({
    'clickhouse_native=False': dict({
      'first_run': dict({
        'added': 3,
        'changed': 0,
        'removed': 0,
      }),
      'metaxy_feature_version': '41c074195bddc1d5004115b121467b9c46d466f4820a60be1cd0b89eacad512d',
      'second_run': dict({
        'added': 3,
        'changed': 0,
        'removed': 0,
      }),
    }),
    'clickhouse_native=True': dict({
      'first_run': dict({
        'added': 3,
        'changed': 0,
        'removed': 0,
      }),
      'metaxy_feature_version': '41c074195bddc1d5004115b121467b9c46d466f4820a60be1cd0b89eacad512d',
      'second_run': dict({
        'added': 3,
        'changed': 0,
        'removed': 0,
      }),
    }),
    'duckdb_native=False': dict({
      'first_run': dict({
        'added': 3,
        'changed': 0,
        'removed': 0,
      }),
      'metaxy_feature_version': '41c074195bddc1d5004115b121467b9c46d466f4820a60be1cd0b89eacad512d',
      'second_run': dict({
        'added': 3,
        'changed': 0,
        'removed': 0,
      }),
    }),
    'duckdb_native=True': dict({
      'first_run': dict({
        'added': 3,
        'changed': 0,
        'removed': 0,
      }),
      'metaxy_feature_version': '41c074195bddc1d5004115b121467b9c46d466f4820a60be1cd0b89eacad512d',
      'second_run': dict({
        'added': 3,
        'changed': 0,
        'removed': 0,
      }),
    }),
    'inmemory_native=False': dict({
      'first_run': dict({
        'added': 3,
        'changed': 0,
        'removed': 0,
      }),
      'metaxy_feature_version': '41c074195bddc1d5004115b121467b9c46d466f4820a60be1cd0b89eacad512d',
      'second_run': dict({
        'added': 3,
        'changed': 0,
        'removed': 0,
      }),
    }),
    'inmemory_native=True': dict({
      'first_run': dict({
        'added': 3,
        'changed': 0,
        'removed': 0,
      }),
      'metaxy_feature_version': '41c074195bddc1d5004115b121467b9c46d466f4820a60be1cd0b89eacad512d',
      'second_run': dict({
        'added': 3,
        'changed': 0,
        'removed': 0,
      }),
    }),
  })
# ---
# name: test_resolve_update_feature_version_change_idempotency[simple_chain-xxhash64]
  dict({
    'clickhouse_native=False': dict({
      'first_run': dict({
        'added': 3,
        'changed': 0,
        'removed': 0,
      }),
      'metaxy_feature_version': '41c074195bddc1d5004115b121467b9c46d466f4820a60be1cd0b89eacad512d',
      'second_run': dict({
        'added': 3,
        'changed': 0,
        'removed': 0,
      }),
    }),
    'clickhouse_native=True': dict({
      'first_run': dict({
        'added': 3,
        'changed': 0,
        'removed': 0,
      }),
      'metaxy_feature_version': '41c074195bddc1d5004115b121467b9c46d466f4820a60be1cd0b89eacad512d',
      'second_run': dict({
        'added': 3,
        'changed': 0,
        'removed': 0,
      }),
    }),
    'duckdb_native=False': dict({
      'first_run': dict({
        'added': 3,
        'changed': 0,
        'removed': 0,
      }),
      'metaxy_feature_version': '41c074195bddc1d5004115b121467b9c46d466f4820a60be1cd0b89eacad512d',
      'second_run': dict({
        'added': 3,
        'changed': 0,
        'removed': 0,
      }),
    }),
    'duckdb_native=True': dict({
      'first_run': dict({
        'added': 3,
        'changed': 0,
        'removed': 0,
      }),
      'metaxy_feature_version': '41c074195bddc1d5004115b121467b9c46d466f4820a60be1cd0b89eacad512d',
      'second_run': dict({
        'added': 3,
        'changed': 0,
        'removed': 0,
      }),
    }),
    'inmemory_native=False': dict({
      'first_run': dict({
        'added': 3,
        'changed': 0,
        'removed': 0,
      }),
      'metaxy_feature_version': '41c074195bddc1d5004115b121467b9c46d466f4820a60be1cd0b89eacad512d',
      'second_run': dict({
        'added': 3,
        'changed': 0,
        'removed': 0,
      }),
    }),
    'inmemory_native=True': dict({
      'first_run': dict({
        'added': 3,
        'changed': 0,
        'removed': 0,
      }),
      'metaxy_feature_version': '41c074195bddc1d5004115b121467b9c46d466f4820a60be1cd0b89eacad512d',
      'second_run': dict({
        'added': 3,
        'changed': 0,
        'removed': 0,
      }),
    }),
  })
# ---
# name: test_resolve_update_no_upstream[False-False-diamond_graph-md5]
  dict({
    tuple(
      'clickhouse',
      False,
      False,
    ): dict({
      'added': 3,
      'changed': 0,
      'removed': 0,
      'versions': list([
        dict({
          'field_a': 'hash1',
        }),
        dict({
          'field_a': 'hash2',
        }),
        dict({
          'field_a': 'hash3',
        }),
      ]),
    }),
    tuple(
      'duckdb',
      False,
      False,
    ): dict({
      'added': 3,
      'changed': 0,
      'removed': 0,
      'versions': list([
        dict({
          'field_a': 'hash1',
        }),
        dict({
          'field_a': 'hash2',
        }),
        dict({
          'field_a': 'hash3',
        }),
      ]),
    }),
    tuple(
      'inmemory',
      False,
      False,
    ): dict({
      'added': 3,
      'changed': 0,
      'removed': 0,
      'versions': list([
        dict({
          'field_a': 'hash1',
        }),
        dict({
          'field_a': 'hash2',
        }),
        dict({
          'field_a': 'hash3',
        }),
      ]),
    }),
  })
# ---
# name: test_resolve_update_no_upstream[False-False-diamond_graph-sha256]
  dict({
    tuple(
      'inmemory',
      False,
      False,
    ): dict({
      'added': 3,
      'changed': 0,
      'removed': 0,
      'versions': list([
        dict({
          'field_a': 'hash1',
        }),
        dict({
          'field_a': 'hash2',
        }),
        dict({
          'field_a': 'hash3',
        }),
      ]),
    }),
  })
# ---
# name: test_resolve_update_no_upstream[False-False-diamond_graph-wyhash]
  dict({
    tuple(
      'inmemory',
      False,
      False,
    ): dict({
      'added': 3,
      'changed': 0,
      'removed': 0,
      'versions': list([
        dict({
          'field_a': 'hash1',
        }),
        dict({
          'field_a': 'hash2',
        }),
        dict({
          'field_a': 'hash3',
        }),
      ]),
    }),
  })
# ---
# name: test_resolve_update_no_upstream[False-False-diamond_graph-xxhash32]
  dict({
    tuple(
      'clickhouse',
      False,
      False,
    ): dict({
      'added': 3,
      'changed': 0,
      'removed': 0,
      'versions': list([
        dict({
          'field_a': 'hash1',
        }),
        dict({
          'field_a': 'hash2',
        }),
        dict({
          'field_a': 'hash3',
        }),
      ]),
    }),
    tuple(
      'duckdb',
      False,
      False,
    ): dict({
      'added': 3,
      'changed': 0,
      'removed': 0,
      'versions': list([
        dict({
          'field_a': 'hash1',
        }),
        dict({
          'field_a': 'hash2',
        }),
        dict({
          'field_a': 'hash3',
        }),
      ]),
    }),
    tuple(
      'inmemory',
      False,
      False,
    ): dict({
      'added': 3,
      'changed': 0,
      'removed': 0,
      'versions': list([
        dict({
          'field_a': 'hash1',
        }),
        dict({
          'field_a': 'hash2',
        }),
        dict({
          'field_a': 'hash3',
        }),
      ]),
    }),
  })
# ---
# name: test_resolve_update_no_upstream[False-False-diamond_graph-xxhash64]
  dict({
    tuple(
      'clickhouse',
      False,
      False,
    ): dict({
      'added': 3,
      'changed': 0,
      'removed': 0,
      'versions': list([
        dict({
          'field_a': 'hash1',
        }),
        dict({
          'field_a': 'hash2',
        }),
        dict({
          'field_a': 'hash3',
        }),
      ]),
    }),
    tuple(
      'duckdb',
      False,
      False,
    ): dict({
      'added': 3,
      'changed': 0,
      'removed': 0,
      'versions': list([
        dict({
          'field_a': 'hash1',
        }),
        dict({
          'field_a': 'hash2',
        }),
        dict({
          'field_a': 'hash3',
        }),
      ]),
    }),
    tuple(
      'inmemory',
      False,
      False,
    ): dict({
      'added': 3,
      'changed': 0,
      'removed': 0,
      'versions': list([
        dict({
          'field_a': 'hash1',
        }),
        dict({
          'field_a': 'hash2',
        }),
        dict({
          'field_a': 'hash3',
        }),
      ]),
    }),
  })
# ---
# name: test_resolve_update_no_upstream[False-False-multi_field-md5]
  dict({
    tuple(
      'clickhouse',
      False,
      False,
    ): dict({
      'added': 3,
      'changed': 0,
      'removed': 0,
      'versions': list([
        dict({
          'field_a': 'hash1',
        }),
        dict({
          'field_a': 'hash2',
        }),
        dict({
          'field_a': 'hash3',
        }),
      ]),
    }),
    tuple(
      'duckdb',
      False,
      False,
    ): dict({
      'added': 3,
      'changed': 0,
      'removed': 0,
      'versions': list([
        dict({
          'field_a': 'hash1',
        }),
        dict({
          'field_a': 'hash2',
        }),
        dict({
          'field_a': 'hash3',
        }),
      ]),
    }),
    tuple(
      'inmemory',
      False,
      False,
    ): dict({
      'added': 3,
      'changed': 0,
      'removed': 0,
      'versions': list([
        dict({
          'field_a': 'hash1',
        }),
        dict({
          'field_a': 'hash2',
        }),
        dict({
          'field_a': 'hash3',
        }),
      ]),
    }),
  })
# ---
# name: test_resolve_update_no_upstream[False-False-multi_field-sha256]
  dict({
    tuple(
      'inmemory',
      False,
      False,
    ): dict({
      'added': 3,
      'changed': 0,
      'removed': 0,
      'versions': list([
        dict({
          'field_a': 'hash1',
        }),
        dict({
          'field_a': 'hash2',
        }),
        dict({
          'field_a': 'hash3',
        }),
      ]),
    }),
  })
# ---
# name: test_resolve_update_no_upstream[False-False-multi_field-wyhash]
  dict({
    tuple(
      'inmemory',
      False,
      False,
    ): dict({
      'added': 3,
      'changed': 0,
      'removed': 0,
      'versions': list([
        dict({
          'field_a': 'hash1',
        }),
        dict({
          'field_a': 'hash2',
        }),
        dict({
          'field_a': 'hash3',
        }),
      ]),
    }),
  })
# ---
# name: test_resolve_update_no_upstream[False-False-multi_field-xxhash32]
  dict({
    tuple(
      'clickhouse',
      False,
      False,
    ): dict({
      'added': 3,
      'changed': 0,
      'removed': 0,
      'versions': list([
        dict({
          'field_a': 'hash1',
        }),
        dict({
          'field_a': 'hash2',
        }),
        dict({
          'field_a': 'hash3',
        }),
      ]),
    }),
    tuple(
      'duckdb',
      False,
      False,
    ): dict({
      'added': 3,
      'changed': 0,
      'removed': 0,
      'versions': list([
        dict({
          'field_a': 'hash1',
        }),
        dict({
          'field_a': 'hash2',
        }),
        dict({
          'field_a': 'hash3',
        }),
      ]),
    }),
    tuple(
      'inmemory',
      False,
      False,
    ): dict({
      'added': 3,
      'changed': 0,
      'removed': 0,
      'versions': list([
        dict({
          'field_a': 'hash1',
        }),
        dict({
          'field_a': 'hash2',
        }),
        dict({
          'field_a': 'hash3',
        }),
      ]),
    }),
  })
# ---
# name: test_resolve_update_no_upstream[False-False-multi_field-xxhash64]
  dict({
    tuple(
      'clickhouse',
      False,
      False,
    ): dict({
      'added': 3,
      'changed': 0,
      'removed': 0,
      'versions': list([
        dict({
          'field_a': 'hash1',
        }),
        dict({
          'field_a': 'hash2',
        }),
        dict({
          'field_a': 'hash3',
        }),
      ]),
    }),
    tuple(
      'duckdb',
      False,
      False,
    ): dict({
      'added': 3,
      'changed': 0,
      'removed': 0,
      'versions': list([
        dict({
          'field_a': 'hash1',
        }),
        dict({
          'field_a': 'hash2',
        }),
        dict({
          'field_a': 'hash3',
        }),
      ]),
    }),
    tuple(
      'inmemory',
      False,
      False,
    ): dict({
      'added': 3,
      'changed': 0,
      'removed': 0,
      'versions': list([
        dict({
          'field_a': 'hash1',
        }),
        dict({
          'field_a': 'hash2',
        }),
        dict({
          'field_a': 'hash3',
        }),
      ]),
    }),
  })
# ---
# name: test_resolve_update_no_upstream[False-False-simple_chain-md5]
  dict({
    tuple(
      'clickhouse',
      False,
      False,
    ): dict({
      'added': 3,
      'changed': 0,
      'removed': 0,
      'versions': list([
        dict({
          'field_a': 'hash1',
        }),
        dict({
          'field_a': 'hash2',
        }),
        dict({
          'field_a': 'hash3',
        }),
      ]),
    }),
    tuple(
      'duckdb',
      False,
      False,
    ): dict({
      'added': 3,
      'changed': 0,
      'removed': 0,
      'versions': list([
        dict({
          'field_a': 'hash1',
        }),
        dict({
          'field_a': 'hash2',
        }),
        dict({
          'field_a': 'hash3',
        }),
      ]),
    }),
    tuple(
      'inmemory',
      False,
      False,
    ): dict({
      'added': 3,
      'changed': 0,
      'removed': 0,
      'versions': list([
        dict({
          'field_a': 'hash1',
        }),
        dict({
          'field_a': 'hash2',
        }),
        dict({
          'field_a': 'hash3',
        }),
      ]),
    }),
  })
# ---
# name: test_resolve_update_no_upstream[False-False-simple_chain-sha256]
  dict({
    tuple(
      'inmemory',
      False,
      False,
    ): dict({
      'added': 3,
      'changed': 0,
      'removed': 0,
      'versions': list([
        dict({
          'field_a': 'hash1',
        }),
        dict({
          'field_a': 'hash2',
        }),
        dict({
          'field_a': 'hash3',
        }),
      ]),
    }),
  })
# ---
# name: test_resolve_update_no_upstream[False-False-simple_chain-wyhash]
  dict({
    tuple(
      'inmemory',
      False,
      False,
    ): dict({
      'added': 3,
      'changed': 0,
      'removed': 0,
      'versions': list([
        dict({
          'field_a': 'hash1',
        }),
        dict({
          'field_a': 'hash2',
        }),
        dict({
          'field_a': 'hash3',
        }),
      ]),
    }),
  })
# ---
# name: test_resolve_update_no_upstream[False-False-simple_chain-xxhash32]
  dict({
    tuple(
      'clickhouse',
      False,
      False,
    ): dict({
      'added': 3,
      'changed': 0,
      'removed': 0,
      'versions': list([
        dict({
          'field_a': 'hash1',
        }),
        dict({
          'field_a': 'hash2',
        }),
        dict({
          'field_a': 'hash3',
        }),
      ]),
    }),
    tuple(
      'duckdb',
      False,
      False,
    ): dict({
      'added': 3,
      'changed': 0,
      'removed': 0,
      'versions': list([
        dict({
          'field_a': 'hash1',
        }),
        dict({
          'field_a': 'hash2',
        }),
        dict({
          'field_a': 'hash3',
        }),
      ]),
    }),
    tuple(
      'inmemory',
      False,
      False,
    ): dict({
      'added': 3,
      'changed': 0,
      'removed': 0,
      'versions': list([
        dict({
          'field_a': 'hash1',
        }),
        dict({
          'field_a': 'hash2',
        }),
        dict({
          'field_a': 'hash3',
        }),
      ]),
    }),
  })
# ---
# name: test_resolve_update_no_upstream[False-False-simple_chain-xxhash64]
  dict({
    tuple(
      'clickhouse',
      False,
      False,
    ): dict({
      'added': 3,
      'changed': 0,
      'removed': 0,
      'versions': list([
        dict({
          'field_a': 'hash1',
        }),
        dict({
          'field_a': 'hash2',
        }),
        dict({
          'field_a': 'hash3',
        }),
      ]),
    }),
    tuple(
      'duckdb',
      False,
      False,
    ): dict({
      'added': 3,
      'changed': 0,
      'removed': 0,
      'versions': list([
        dict({
          'field_a': 'hash1',
        }),
        dict({
          'field_a': 'hash2',
        }),
        dict({
          'field_a': 'hash3',
        }),
      ]),
    }),
    tuple(
      'inmemory',
      False,
      False,
    ): dict({
      'added': 3,
      'changed': 0,
      'removed': 0,
      'versions': list([
        dict({
          'field_a': 'hash1',
        }),
        dict({
          'field_a': 'hash2',
        }),
        dict({
          'field_a': 'hash3',
        }),
      ]),
    }),
  })
# ---
# name: test_resolve_update_no_upstream[False-True-diamond_graph-md5]
  dict({
    tuple(
      'clickhouse',
      True,
      False,
    ): dict({
      'added': 3,
      'changed': 0,
      'removed': 0,
      'versions': list([
        dict({
          'field_a': 'hash1',
        }),
        dict({
          'field_a': 'hash2',
        }),
        dict({
          'field_a': 'hash3',
        }),
      ]),
    }),
    tuple(
      'duckdb',
      True,
      False,
    ): dict({
      'added': 3,
      'changed': 0,
      'removed': 0,
      'versions': list([
        dict({
          'field_a': 'hash1',
        }),
        dict({
          'field_a': 'hash2',
        }),
        dict({
          'field_a': 'hash3',
        }),
      ]),
    }),
    tuple(
      'inmemory',
      True,
      False,
    ): dict({
      'added': 3,
      'changed': 0,
      'removed': 0,
      'versions': list([
        dict({
          'field_a': 'hash1',
        }),
        dict({
          'field_a': 'hash2',
        }),
        dict({
          'field_a': 'hash3',
        }),
      ]),
    }),
  })
# ---
# name: test_resolve_update_no_upstream[False-True-diamond_graph-sha256]
  dict({
    tuple(
      'inmemory',
      True,
      False,
    ): dict({
      'added': 3,
      'changed': 0,
      'removed': 0,
      'versions': list([
        dict({
          'field_a': 'hash1',
        }),
        dict({
          'field_a': 'hash2',
        }),
        dict({
          'field_a': 'hash3',
        }),
      ]),
    }),
  })
# ---
# name: test_resolve_update_no_upstream[False-True-diamond_graph-wyhash]
  dict({
    tuple(
      'inmemory',
      True,
      False,
    ): dict({
      'added': 3,
      'changed': 0,
      'removed': 0,
      'versions': list([
        dict({
          'field_a': 'hash1',
        }),
        dict({
          'field_a': 'hash2',
        }),
        dict({
          'field_a': 'hash3',
        }),
      ]),
    }),
  })
# ---
# name: test_resolve_update_no_upstream[False-True-diamond_graph-xxhash32]
  dict({
    tuple(
      'clickhouse',
      True,
      False,
    ): dict({
      'added': 3,
      'changed': 0,
      'removed': 0,
      'versions': list([
        dict({
          'field_a': 'hash1',
        }),
        dict({
          'field_a': 'hash2',
        }),
        dict({
          'field_a': 'hash3',
        }),
      ]),
    }),
    tuple(
      'duckdb',
      True,
      False,
    ): dict({
      'added': 3,
      'changed': 0,
      'removed': 0,
      'versions': list([
        dict({
          'field_a': 'hash1',
        }),
        dict({
          'field_a': 'hash2',
        }),
        dict({
          'field_a': 'hash3',
        }),
      ]),
    }),
    tuple(
      'inmemory',
      True,
      False,
    ): dict({
      'added': 3,
      'changed': 0,
      'removed': 0,
      'versions': list([
        dict({
          'field_a': 'hash1',
        }),
        dict({
          'field_a': 'hash2',
        }),
        dict({
          'field_a': 'hash3',
        }),
      ]),
    }),
  })
# ---
# name: test_resolve_update_no_upstream[False-True-diamond_graph-xxhash64]
  dict({
    tuple(
      'clickhouse',
      True,
      False,
    ): dict({
      'added': 3,
      'changed': 0,
      'removed': 0,
      'versions': list([
        dict({
          'field_a': 'hash1',
        }),
        dict({
          'field_a': 'hash2',
        }),
        dict({
          'field_a': 'hash3',
        }),
      ]),
    }),
    tuple(
      'duckdb',
      True,
      False,
    ): dict({
      'added': 3,
      'changed': 0,
      'removed': 0,
      'versions': list([
        dict({
          'field_a': 'hash1',
        }),
        dict({
          'field_a': 'hash2',
        }),
        dict({
          'field_a': 'hash3',
        }),
      ]),
    }),
    tuple(
      'inmemory',
      True,
      False,
    ): dict({
      'added': 3,
      'changed': 0,
      'removed': 0,
      'versions': list([
        dict({
          'field_a': 'hash1',
        }),
        dict({
          'field_a': 'hash2',
        }),
        dict({
          'field_a': 'hash3',
        }),
      ]),
    }),
  })
# ---
# name: test_resolve_update_no_upstream[False-True-multi_field-md5]
  dict({
    tuple(
      'clickhouse',
      True,
      False,
    ): dict({
      'added': 3,
      'changed': 0,
      'removed': 0,
      'versions': list([
        dict({
          'field_a': 'hash1',
        }),
        dict({
          'field_a': 'hash2',
        }),
        dict({
          'field_a': 'hash3',
        }),
      ]),
    }),
    tuple(
      'duckdb',
      True,
      False,
    ): dict({
      'added': 3,
      'changed': 0,
      'removed': 0,
      'versions': list([
        dict({
          'field_a': 'hash1',
        }),
        dict({
          'field_a': 'hash2',
        }),
        dict({
          'field_a': 'hash3',
        }),
      ]),
    }),
    tuple(
      'inmemory',
      True,
      False,
    ): dict({
      'added': 3,
      'changed': 0,
      'removed': 0,
      'versions': list([
        dict({
          'field_a': 'hash1',
        }),
        dict({
          'field_a': 'hash2',
        }),
        dict({
          'field_a': 'hash3',
        }),
      ]),
    }),
  })
# ---
# name: test_resolve_update_no_upstream[False-True-multi_field-sha256]
  dict({
    tuple(
      'inmemory',
      True,
      False,
    ): dict({
      'added': 3,
      'changed': 0,
      'removed': 0,
      'versions': list([
        dict({
          'field_a': 'hash1',
        }),
        dict({
          'field_a': 'hash2',
        }),
        dict({
          'field_a': 'hash3',
        }),
      ]),
    }),
  })
# ---
# name: test_resolve_update_no_upstream[False-True-multi_field-wyhash]
  dict({
    tuple(
      'inmemory',
      True,
      False,
    ): dict({
      'added': 3,
      'changed': 0,
      'removed': 0,
      'versions': list([
        dict({
          'field_a': 'hash1',
        }),
        dict({
          'field_a': 'hash2',
        }),
        dict({
          'field_a': 'hash3',
        }),
      ]),
    }),
  })
# ---
# name: test_resolve_update_no_upstream[False-True-multi_field-xxhash32]
  dict({
    tuple(
      'clickhouse',
      True,
      False,
    ): dict({
      'added': 3,
      'changed': 0,
      'removed': 0,
      'versions': list([
        dict({
          'field_a': 'hash1',
        }),
        dict({
          'field_a': 'hash2',
        }),
        dict({
          'field_a': 'hash3',
        }),
      ]),
    }),
    tuple(
      'duckdb',
      True,
      False,
    ): dict({
      'added': 3,
      'changed': 0,
      'removed': 0,
      'versions': list([
        dict({
          'field_a': 'hash1',
        }),
        dict({
          'field_a': 'hash2',
        }),
        dict({
          'field_a': 'hash3',
        }),
      ]),
    }),
    tuple(
      'inmemory',
      True,
      False,
    ): dict({
      'added': 3,
      'changed': 0,
      'removed': 0,
      'versions': list([
        dict({
          'field_a': 'hash1',
        }),
        dict({
          'field_a': 'hash2',
        }),
        dict({
          'field_a': 'hash3',
        }),
      ]),
    }),
  })
# ---
# name: test_resolve_update_no_upstream[False-True-multi_field-xxhash64]
  dict({
    tuple(
      'clickhouse',
      True,
      False,
    ): dict({
      'added': 3,
      'changed': 0,
      'removed': 0,
      'versions': list([
        dict({
          'field_a': 'hash1',
        }),
        dict({
          'field_a': 'hash2',
        }),
        dict({
          'field_a': 'hash3',
        }),
      ]),
    }),
    tuple(
      'duckdb',
      True,
      False,
    ): dict({
      'added': 3,
      'changed': 0,
      'removed': 0,
      'versions': list([
        dict({
          'field_a': 'hash1',
        }),
        dict({
          'field_a': 'hash2',
        }),
        dict({
          'field_a': 'hash3',
        }),
      ]),
    }),
    tuple(
      'inmemory',
      True,
      False,
    ): dict({
      'added': 3,
      'changed': 0,
      'removed': 0,
      'versions': list([
        dict({
          'field_a': 'hash1',
        }),
        dict({
          'field_a': 'hash2',
        }),
        dict({
          'field_a': 'hash3',
        }),
      ]),
    }),
  })
# ---
# name: test_resolve_update_no_upstream[False-True-simple_chain-md5]
  dict({
    tuple(
      'clickhouse',
      True,
      False,
    ): dict({
      'added': 3,
      'changed': 0,
      'removed': 0,
      'versions': list([
        dict({
          'field_a': 'hash1',
        }),
        dict({
          'field_a': 'hash2',
        }),
        dict({
          'field_a': 'hash3',
        }),
      ]),
    }),
    tuple(
      'duckdb',
      True,
      False,
    ): dict({
      'added': 3,
      'changed': 0,
      'removed': 0,
      'versions': list([
        dict({
          'field_a': 'hash1',
        }),
        dict({
          'field_a': 'hash2',
        }),
        dict({
          'field_a': 'hash3',
        }),
      ]),
    }),
    tuple(
      'inmemory',
      True,
      False,
    ): dict({
      'added': 3,
      'changed': 0,
      'removed': 0,
      'versions': list([
        dict({
          'field_a': 'hash1',
        }),
        dict({
          'field_a': 'hash2',
        }),
        dict({
          'field_a': 'hash3',
        }),
      ]),
    }),
  })
# ---
# name: test_resolve_update_no_upstream[False-True-simple_chain-sha256]
  dict({
    tuple(
      'inmemory',
      True,
      False,
    ): dict({
      'added': 3,
      'changed': 0,
      'removed': 0,
      'versions': list([
        dict({
          'field_a': 'hash1',
        }),
        dict({
          'field_a': 'hash2',
        }),
        dict({
          'field_a': 'hash3',
        }),
      ]),
    }),
  })
# ---
# name: test_resolve_update_no_upstream[False-True-simple_chain-wyhash]
  dict({
    tuple(
      'inmemory',
      True,
      False,
    ): dict({
      'added': 3,
      'changed': 0,
      'removed': 0,
      'versions': list([
        dict({
          'field_a': 'hash1',
        }),
        dict({
          'field_a': 'hash2',
        }),
        dict({
          'field_a': 'hash3',
        }),
      ]),
    }),
  })
# ---
# name: test_resolve_update_no_upstream[False-True-simple_chain-xxhash32]
  dict({
    tuple(
      'clickhouse',
      True,
      False,
    ): dict({
      'added': 3,
      'changed': 0,
      'removed': 0,
      'versions': list([
        dict({
          'field_a': 'hash1',
        }),
        dict({
          'field_a': 'hash2',
        }),
        dict({
          'field_a': 'hash3',
        }),
      ]),
    }),
    tuple(
      'duckdb',
      True,
      False,
    ): dict({
      'added': 3,
      'changed': 0,
      'removed': 0,
      'versions': list([
        dict({
          'field_a': 'hash1',
        }),
        dict({
          'field_a': 'hash2',
        }),
        dict({
          'field_a': 'hash3',
        }),
      ]),
    }),
    tuple(
      'inmemory',
      True,
      False,
    ): dict({
      'added': 3,
      'changed': 0,
      'removed': 0,
      'versions': list([
        dict({
          'field_a': 'hash1',
        }),
        dict({
          'field_a': 'hash2',
        }),
        dict({
          'field_a': 'hash3',
        }),
      ]),
    }),
  })
# ---
# name: test_resolve_update_no_upstream[False-True-simple_chain-xxhash64]
  dict({
    tuple(
      'clickhouse',
      True,
      False,
    ): dict({
      'added': 3,
      'changed': 0,
      'removed': 0,
      'versions': list([
        dict({
          'field_a': 'hash1',
        }),
        dict({
          'field_a': 'hash2',
        }),
        dict({
          'field_a': 'hash3',
        }),
      ]),
    }),
    tuple(
      'duckdb',
      True,
      False,
    ): dict({
      'added': 3,
      'changed': 0,
      'removed': 0,
      'versions': list([
        dict({
          'field_a': 'hash1',
        }),
        dict({
          'field_a': 'hash2',
        }),
        dict({
          'field_a': 'hash3',
        }),
      ]),
    }),
    tuple(
      'inmemory',
      True,
      False,
    ): dict({
      'added': 3,
      'changed': 0,
      'removed': 0,
      'versions': list([
        dict({
          'field_a': 'hash1',
        }),
        dict({
          'field_a': 'hash2',
        }),
        dict({
          'field_a': 'hash3',
        }),
      ]),
    }),
  })
# ---
# name: test_resolve_update_no_upstream[True-False-diamond_graph-md5]
  dict({
    tuple(
      'clickhouse',
      False,
      True,
    ): dict({
      'added': 3,
      'changed': 0,
      'removed': 0,
      'versions': list([
        dict({
          'field_a': 'hash1',
        }),
        dict({
          'field_a': 'hash2',
        }),
        dict({
          'field_a': 'hash3',
        }),
      ]),
    }),
    tuple(
      'duckdb',
      False,
      True,
    ): dict({
      'added': 3,
      'changed': 0,
      'removed': 0,
      'versions': list([
        dict({
          'field_a': 'hash1',
        }),
        dict({
          'field_a': 'hash2',
        }),
        dict({
          'field_a': 'hash3',
        }),
      ]),
    }),
    tuple(
      'inmemory',
      False,
      True,
    ): dict({
      'added': 3,
      'changed': 0,
      'removed': 0,
      'versions': list([
        dict({
          'field_a': 'hash1',
        }),
        dict({
          'field_a': 'hash2',
        }),
        dict({
          'field_a': 'hash3',
        }),
      ]),
    }),
  })
# ---
# name: test_resolve_update_no_upstream[True-False-diamond_graph-sha256]
  dict({
    tuple(
      'inmemory',
      False,
      True,
    ): dict({
      'added': 3,
      'changed': 0,
      'removed': 0,
      'versions': list([
        dict({
          'field_a': 'hash1',
        }),
        dict({
          'field_a': 'hash2',
        }),
        dict({
          'field_a': 'hash3',
        }),
      ]),
    }),
  })
# ---
# name: test_resolve_update_no_upstream[True-False-diamond_graph-wyhash]
  dict({
    tuple(
      'inmemory',
      False,
      True,
    ): dict({
      'added': 3,
      'changed': 0,
      'removed': 0,
      'versions': list([
        dict({
          'field_a': 'hash1',
        }),
        dict({
          'field_a': 'hash2',
        }),
        dict({
          'field_a': 'hash3',
        }),
      ]),
    }),
  })
# ---
# name: test_resolve_update_no_upstream[True-False-diamond_graph-xxhash32]
  dict({
    tuple(
      'clickhouse',
      False,
      True,
    ): dict({
      'added': 3,
      'changed': 0,
      'removed': 0,
      'versions': list([
        dict({
          'field_a': 'hash1',
        }),
        dict({
          'field_a': 'hash2',
        }),
        dict({
          'field_a': 'hash3',
        }),
      ]),
    }),
    tuple(
      'duckdb',
      False,
      True,
    ): dict({
      'added': 3,
      'changed': 0,
      'removed': 0,
      'versions': list([
        dict({
          'field_a': 'hash1',
        }),
        dict({
          'field_a': 'hash2',
        }),
        dict({
          'field_a': 'hash3',
        }),
      ]),
    }),
    tuple(
      'inmemory',
      False,
      True,
    ): dict({
      'added': 3,
      'changed': 0,
      'removed': 0,
      'versions': list([
        dict({
          'field_a': 'hash1',
        }),
        dict({
          'field_a': 'hash2',
        }),
        dict({
          'field_a': 'hash3',
        }),
      ]),
    }),
  })
# ---
# name: test_resolve_update_no_upstream[True-False-diamond_graph-xxhash64]
  dict({
    tuple(
      'clickhouse',
      False,
      True,
    ): dict({
      'added': 3,
      'changed': 0,
      'removed': 0,
      'versions': list([
        dict({
          'field_a': 'hash1',
        }),
        dict({
          'field_a': 'hash2',
        }),
        dict({
          'field_a': 'hash3',
        }),
      ]),
    }),
    tuple(
      'duckdb',
      False,
      True,
    ): dict({
      'added': 3,
      'changed': 0,
      'removed': 0,
      'versions': list([
        dict({
          'field_a': 'hash1',
        }),
        dict({
          'field_a': 'hash2',
        }),
        dict({
          'field_a': 'hash3',
        }),
      ]),
    }),
    tuple(
      'inmemory',
      False,
      True,
    ): dict({
      'added': 3,
      'changed': 0,
      'removed': 0,
      'versions': list([
        dict({
          'field_a': 'hash1',
        }),
        dict({
          'field_a': 'hash2',
        }),
        dict({
          'field_a': 'hash3',
        }),
      ]),
    }),
  })
# ---
# name: test_resolve_update_no_upstream[True-False-multi_field-md5]
  dict({
    tuple(
      'clickhouse',
      False,
      True,
    ): dict({
      'added': 3,
      'changed': 0,
      'removed': 0,
      'versions': list([
        dict({
          'field_a': 'hash1',
        }),
        dict({
          'field_a': 'hash2',
        }),
        dict({
          'field_a': 'hash3',
        }),
      ]),
    }),
    tuple(
      'duckdb',
      False,
      True,
    ): dict({
      'added': 3,
      'changed': 0,
      'removed': 0,
      'versions': list([
        dict({
          'field_a': 'hash1',
        }),
        dict({
          'field_a': 'hash2',
        }),
        dict({
          'field_a': 'hash3',
        }),
      ]),
    }),
    tuple(
      'inmemory',
      False,
      True,
    ): dict({
      'added': 3,
      'changed': 0,
      'removed': 0,
      'versions': list([
        dict({
          'field_a': 'hash1',
        }),
        dict({
          'field_a': 'hash2',
        }),
        dict({
          'field_a': 'hash3',
        }),
      ]),
    }),
  })
# ---
# name: test_resolve_update_no_upstream[True-False-multi_field-sha256]
  dict({
    tuple(
      'inmemory',
      False,
      True,
    ): dict({
      'added': 3,
      'changed': 0,
      'removed': 0,
      'versions': list([
        dict({
          'field_a': 'hash1',
        }),
        dict({
          'field_a': 'hash2',
        }),
        dict({
          'field_a': 'hash3',
        }),
      ]),
    }),
  })
# ---
# name: test_resolve_update_no_upstream[True-False-multi_field-wyhash]
  dict({
    tuple(
      'inmemory',
      False,
      True,
    ): dict({
      'added': 3,
      'changed': 0,
      'removed': 0,
      'versions': list([
        dict({
          'field_a': 'hash1',
        }),
        dict({
          'field_a': 'hash2',
        }),
        dict({
          'field_a': 'hash3',
        }),
      ]),
    }),
  })
# ---
# name: test_resolve_update_no_upstream[True-False-multi_field-xxhash32]
  dict({
    tuple(
      'clickhouse',
      False,
      True,
    ): dict({
      'added': 3,
      'changed': 0,
      'removed': 0,
      'versions': list([
        dict({
          'field_a': 'hash1',
        }),
        dict({
          'field_a': 'hash2',
        }),
        dict({
          'field_a': 'hash3',
        }),
      ]),
    }),
    tuple(
      'duckdb',
      False,
      True,
    ): dict({
      'added': 3,
      'changed': 0,
      'removed': 0,
      'versions': list([
        dict({
          'field_a': 'hash1',
        }),
        dict({
          'field_a': 'hash2',
        }),
        dict({
          'field_a': 'hash3',
        }),
      ]),
    }),
    tuple(
      'inmemory',
      False,
      True,
    ): dict({
      'added': 3,
      'changed': 0,
      'removed': 0,
      'versions': list([
        dict({
          'field_a': 'hash1',
        }),
        dict({
          'field_a': 'hash2',
        }),
        dict({
          'field_a': 'hash3',
        }),
      ]),
    }),
  })
# ---
# name: test_resolve_update_no_upstream[True-False-multi_field-xxhash64]
  dict({
    tuple(
      'clickhouse',
      False,
      True,
    ): dict({
      'added': 3,
      'changed': 0,
      'removed': 0,
      'versions': list([
        dict({
          'field_a': 'hash1',
        }),
        dict({
          'field_a': 'hash2',
        }),
        dict({
          'field_a': 'hash3',
        }),
      ]),
    }),
    tuple(
      'duckdb',
      False,
      True,
    ): dict({
      'added': 3,
      'changed': 0,
      'removed': 0,
      'versions': list([
        dict({
          'field_a': 'hash1',
        }),
        dict({
          'field_a': 'hash2',
        }),
        dict({
          'field_a': 'hash3',
        }),
      ]),
    }),
    tuple(
      'inmemory',
      False,
      True,
    ): dict({
      'added': 3,
      'changed': 0,
      'removed': 0,
      'versions': list([
        dict({
          'field_a': 'hash1',
        }),
        dict({
          'field_a': 'hash2',
        }),
        dict({
          'field_a': 'hash3',
        }),
      ]),
    }),
  })
# ---
# name: test_resolve_update_no_upstream[True-False-simple_chain-md5]
  dict({
    tuple(
      'clickhouse',
      False,
      True,
    ): dict({
      'added': 3,
      'changed': 0,
      'removed': 0,
      'versions': list([
        dict({
          'field_a': 'hash1',
        }),
        dict({
          'field_a': 'hash2',
        }),
        dict({
          'field_a': 'hash3',
        }),
      ]),
    }),
    tuple(
      'duckdb',
      False,
      True,
    ): dict({
      'added': 3,
      'changed': 0,
      'removed': 0,
      'versions': list([
        dict({
          'field_a': 'hash1',
        }),
        dict({
          'field_a': 'hash2',
        }),
        dict({
          'field_a': 'hash3',
        }),
      ]),
    }),
    tuple(
      'inmemory',
      False,
      True,
    ): dict({
      'added': 3,
      'changed': 0,
      'removed': 0,
      'versions': list([
        dict({
          'field_a': 'hash1',
        }),
        dict({
          'field_a': 'hash2',
        }),
        dict({
          'field_a': 'hash3',
        }),
      ]),
    }),
  })
# ---
# name: test_resolve_update_no_upstream[True-False-simple_chain-sha256]
  dict({
    tuple(
      'inmemory',
      False,
      True,
    ): dict({
      'added': 3,
      'changed': 0,
      'removed': 0,
      'versions': list([
        dict({
          'field_a': 'hash1',
        }),
        dict({
          'field_a': 'hash2',
        }),
        dict({
          'field_a': 'hash3',
        }),
      ]),
    }),
  })
# ---
# name: test_resolve_update_no_upstream[True-False-simple_chain-wyhash]
  dict({
    tuple(
      'inmemory',
      False,
      True,
    ): dict({
      'added': 3,
      'changed': 0,
      'removed': 0,
      'versions': list([
        dict({
          'field_a': 'hash1',
        }),
        dict({
          'field_a': 'hash2',
        }),
        dict({
          'field_a': 'hash3',
        }),
      ]),
    }),
  })
# ---
# name: test_resolve_update_no_upstream[True-False-simple_chain-xxhash32]
  dict({
    tuple(
      'clickhouse',
      False,
      True,
    ): dict({
      'added': 3,
      'changed': 0,
      'removed': 0,
      'versions': list([
        dict({
          'field_a': 'hash1',
        }),
        dict({
          'field_a': 'hash2',
        }),
        dict({
          'field_a': 'hash3',
        }),
      ]),
    }),
    tuple(
      'duckdb',
      False,
      True,
    ): dict({
      'added': 3,
      'changed': 0,
      'removed': 0,
      'versions': list([
        dict({
          'field_a': 'hash1',
        }),
        dict({
          'field_a': 'hash2',
        }),
        dict({
          'field_a': 'hash3',
        }),
      ]),
    }),
    tuple(
      'inmemory',
      False,
      True,
    ): dict({
      'added': 3,
      'changed': 0,
      'removed': 0,
      'versions': list([
        dict({
          'field_a': 'hash1',
        }),
        dict({
          'field_a': 'hash2',
        }),
        dict({
          'field_a': 'hash3',
        }),
      ]),
    }),
  })
# ---
# name: test_resolve_update_no_upstream[True-False-simple_chain-xxhash64]
  dict({
    tuple(
      'clickhouse',
      False,
      True,
    ): dict({
      'added': 3,
      'changed': 0,
      'removed': 0,
      'versions': list([
        dict({
          'field_a': 'hash1',
        }),
        dict({
          'field_a': 'hash2',
        }),
        dict({
          'field_a': 'hash3',
        }),
      ]),
    }),
    tuple(
      'duckdb',
      False,
      True,
    ): dict({
      'added': 3,
      'changed': 0,
      'removed': 0,
      'versions': list([
        dict({
          'field_a': 'hash1',
        }),
        dict({
          'field_a': 'hash2',
        }),
        dict({
          'field_a': 'hash3',
        }),
      ]),
    }),
    tuple(
      'inmemory',
      False,
      True,
    ): dict({
      'added': 3,
      'changed': 0,
      'removed': 0,
      'versions': list([
        dict({
          'field_a': 'hash1',
        }),
        dict({
          'field_a': 'hash2',
        }),
        dict({
          'field_a': 'hash3',
        }),
      ]),
    }),
  })
# ---
# name: test_resolve_update_no_upstream[True-True-diamond_graph-md5]
  dict({
    tuple(
      'clickhouse',
      True,
      True,
    ): dict({
      'added': 3,
      'changed': 0,
      'removed': 0,
      'versions': list([
        dict({
          'field_a': 'hash1',
        }),
        dict({
          'field_a': 'hash2',
        }),
        dict({
          'field_a': 'hash3',
        }),
      ]),
    }),
    tuple(
      'duckdb',
      True,
      True,
    ): dict({
      'added': 3,
      'changed': 0,
      'removed': 0,
      'versions': list([
        dict({
          'field_a': 'hash1',
        }),
        dict({
          'field_a': 'hash2',
        }),
        dict({
          'field_a': 'hash3',
        }),
      ]),
    }),
    tuple(
      'inmemory',
      True,
      True,
    ): dict({
      'added': 3,
      'changed': 0,
      'removed': 0,
      'versions': list([
        dict({
          'field_a': 'hash1',
        }),
        dict({
          'field_a': 'hash2',
        }),
        dict({
          'field_a': 'hash3',
        }),
      ]),
    }),
  })
# ---
# name: test_resolve_update_no_upstream[True-True-diamond_graph-sha256]
  dict({
    tuple(
      'inmemory',
      True,
      True,
    ): dict({
      'added': 3,
      'changed': 0,
      'removed': 0,
      'versions': list([
        dict({
          'field_a': 'hash1',
        }),
        dict({
          'field_a': 'hash2',
        }),
        dict({
          'field_a': 'hash3',
        }),
      ]),
    }),
  })
# ---
# name: test_resolve_update_no_upstream[True-True-diamond_graph-wyhash]
  dict({
    tuple(
      'inmemory',
      True,
      True,
    ): dict({
      'added': 3,
      'changed': 0,
      'removed': 0,
      'versions': list([
        dict({
          'field_a': 'hash1',
        }),
        dict({
          'field_a': 'hash2',
        }),
        dict({
          'field_a': 'hash3',
        }),
      ]),
    }),
  })
# ---
# name: test_resolve_update_no_upstream[True-True-diamond_graph-xxhash32]
  dict({
    tuple(
      'clickhouse',
      True,
      True,
    ): dict({
      'added': 3,
      'changed': 0,
      'removed': 0,
      'versions': list([
        dict({
          'field_a': 'hash1',
        }),
        dict({
          'field_a': 'hash2',
        }),
        dict({
          'field_a': 'hash3',
        }),
      ]),
    }),
    tuple(
      'duckdb',
      True,
      True,
    ): dict({
      'added': 3,
      'changed': 0,
      'removed': 0,
      'versions': list([
        dict({
          'field_a': 'hash1',
        }),
        dict({
          'field_a': 'hash2',
        }),
        dict({
          'field_a': 'hash3',
        }),
      ]),
    }),
    tuple(
      'inmemory',
      True,
      True,
    ): dict({
      'added': 3,
      'changed': 0,
      'removed': 0,
      'versions': list([
        dict({
          'field_a': 'hash1',
        }),
        dict({
          'field_a': 'hash2',
        }),
        dict({
          'field_a': 'hash3',
        }),
      ]),
    }),
  })
# ---
# name: test_resolve_update_no_upstream[True-True-diamond_graph-xxhash64]
  dict({
    tuple(
      'clickhouse',
      True,
      True,
    ): dict({
      'added': 3,
      'changed': 0,
      'removed': 0,
      'versions': list([
        dict({
          'field_a': 'hash1',
        }),
        dict({
          'field_a': 'hash2',
        }),
        dict({
          'field_a': 'hash3',
        }),
      ]),
    }),
    tuple(
      'duckdb',
      True,
      True,
    ): dict({
      'added': 3,
      'changed': 0,
      'removed': 0,
      'versions': list([
        dict({
          'field_a': 'hash1',
        }),
        dict({
          'field_a': 'hash2',
        }),
        dict({
          'field_a': 'hash3',
        }),
      ]),
    }),
    tuple(
      'inmemory',
      True,
      True,
    ): dict({
      'added': 3,
      'changed': 0,
      'removed': 0,
      'versions': list([
        dict({
          'field_a': 'hash1',
        }),
        dict({
          'field_a': 'hash2',
        }),
        dict({
          'field_a': 'hash3',
        }),
      ]),
    }),
  })
# ---
# name: test_resolve_update_no_upstream[True-True-multi_field-md5]
  dict({
    tuple(
      'clickhouse',
      True,
      True,
    ): dict({
      'added': 3,
      'changed': 0,
      'removed': 0,
      'versions': list([
        dict({
          'field_a': 'hash1',
        }),
        dict({
          'field_a': 'hash2',
        }),
        dict({
          'field_a': 'hash3',
        }),
      ]),
    }),
    tuple(
      'duckdb',
      True,
      True,
    ): dict({
      'added': 3,
      'changed': 0,
      'removed': 0,
      'versions': list([
        dict({
          'field_a': 'hash1',
        }),
        dict({
          'field_a': 'hash2',
        }),
        dict({
          'field_a': 'hash3',
        }),
      ]),
    }),
    tuple(
      'inmemory',
      True,
      True,
    ): dict({
      'added': 3,
      'changed': 0,
      'removed': 0,
      'versions': list([
        dict({
          'field_a': 'hash1',
        }),
        dict({
          'field_a': 'hash2',
        }),
        dict({
          'field_a': 'hash3',
        }),
      ]),
    }),
  })
# ---
# name: test_resolve_update_no_upstream[True-True-multi_field-sha256]
  dict({
    tuple(
      'inmemory',
      True,
      True,
    ): dict({
      'added': 3,
      'changed': 0,
      'removed': 0,
      'versions': list([
        dict({
          'field_a': 'hash1',
        }),
        dict({
          'field_a': 'hash2',
        }),
        dict({
          'field_a': 'hash3',
        }),
      ]),
    }),
  })
# ---
# name: test_resolve_update_no_upstream[True-True-multi_field-wyhash]
  dict({
    tuple(
      'inmemory',
      True,
      True,
    ): dict({
      'added': 3,
      'changed': 0,
      'removed': 0,
      'versions': list([
        dict({
          'field_a': 'hash1',
        }),
        dict({
          'field_a': 'hash2',
        }),
        dict({
          'field_a': 'hash3',
        }),
      ]),
    }),
  })
# ---
# name: test_resolve_update_no_upstream[True-True-multi_field-xxhash32]
  dict({
    tuple(
      'clickhouse',
      True,
      True,
    ): dict({
      'added': 3,
      'changed': 0,
      'removed': 0,
      'versions': list([
        dict({
          'field_a': 'hash1',
        }),
        dict({
          'field_a': 'hash2',
        }),
        dict({
          'field_a': 'hash3',
        }),
      ]),
    }),
    tuple(
      'duckdb',
      True,
      True,
    ): dict({
      'added': 3,
      'changed': 0,
      'removed': 0,
      'versions': list([
        dict({
          'field_a': 'hash1',
        }),
        dict({
          'field_a': 'hash2',
        }),
        dict({
          'field_a': 'hash3',
        }),
      ]),
    }),
    tuple(
      'inmemory',
      True,
      True,
    ): dict({
      'added': 3,
      'changed': 0,
      'removed': 0,
      'versions': list([
        dict({
          'field_a': 'hash1',
        }),
        dict({
          'field_a': 'hash2',
        }),
        dict({
          'field_a': 'hash3',
        }),
      ]),
    }),
  })
# ---
# name: test_resolve_update_no_upstream[True-True-multi_field-xxhash64]
  dict({
    tuple(
      'clickhouse',
      True,
      True,
    ): dict({
      'added': 3,
      'changed': 0,
      'removed': 0,
      'versions': list([
        dict({
          'field_a': 'hash1',
        }),
        dict({
          'field_a': 'hash2',
        }),
        dict({
          'field_a': 'hash3',
        }),
      ]),
    }),
    tuple(
      'duckdb',
      True,
      True,
    ): dict({
      'added': 3,
      'changed': 0,
      'removed': 0,
      'versions': list([
        dict({
          'field_a': 'hash1',
        }),
        dict({
          'field_a': 'hash2',
        }),
        dict({
          'field_a': 'hash3',
        }),
      ]),
    }),
    tuple(
      'inmemory',
      True,
      True,
    ): dict({
      'added': 3,
      'changed': 0,
      'removed': 0,
      'versions': list([
        dict({
          'field_a': 'hash1',
        }),
        dict({
          'field_a': 'hash2',
        }),
        dict({
          'field_a': 'hash3',
        }),
      ]),
    }),
  })
# ---
# name: test_resolve_update_no_upstream[True-True-simple_chain-md5]
  dict({
    tuple(
      'clickhouse',
      True,
      True,
    ): dict({
      'added': 3,
      'changed': 0,
      'removed': 0,
      'versions': list([
        dict({
          'field_a': 'hash1',
        }),
        dict({
          'field_a': 'hash2',
        }),
        dict({
          'field_a': 'hash3',
        }),
      ]),
    }),
    tuple(
      'duckdb',
      True,
      True,
    ): dict({
      'added': 3,
      'changed': 0,
      'removed': 0,
      'versions': list([
        dict({
          'field_a': 'hash1',
        }),
        dict({
          'field_a': 'hash2',
        }),
        dict({
          'field_a': 'hash3',
        }),
      ]),
    }),
    tuple(
      'inmemory',
      True,
      True,
    ): dict({
      'added': 3,
      'changed': 0,
      'removed': 0,
      'versions': list([
        dict({
          'field_a': 'hash1',
        }),
        dict({
          'field_a': 'hash2',
        }),
        dict({
          'field_a': 'hash3',
        }),
      ]),
    }),
  })
# ---
# name: test_resolve_update_no_upstream[True-True-simple_chain-sha256]
  dict({
    tuple(
      'inmemory',
      True,
      True,
    ): dict({
      'added': 3,
      'changed': 0,
      'removed': 0,
      'versions': list([
        dict({
          'field_a': 'hash1',
        }),
        dict({
          'field_a': 'hash2',
        }),
        dict({
          'field_a': 'hash3',
        }),
      ]),
    }),
  })
# ---
# name: test_resolve_update_no_upstream[True-True-simple_chain-wyhash]
  dict({
    tuple(
      'inmemory',
      True,
      True,
    ): dict({
      'added': 3,
      'changed': 0,
      'removed': 0,
      'versions': list([
        dict({
          'field_a': 'hash1',
        }),
        dict({
          'field_a': 'hash2',
        }),
        dict({
          'field_a': 'hash3',
        }),
      ]),
    }),
  })
# ---
# name: test_resolve_update_no_upstream[True-True-simple_chain-xxhash32]
  dict({
    tuple(
      'clickhouse',
      True,
      True,
    ): dict({
      'added': 3,
      'changed': 0,
      'removed': 0,
      'versions': list([
        dict({
          'field_a': 'hash1',
        }),
        dict({
          'field_a': 'hash2',
        }),
        dict({
          'field_a': 'hash3',
        }),
      ]),
    }),
    tuple(
      'duckdb',
      True,
      True,
    ): dict({
      'added': 3,
      'changed': 0,
      'removed': 0,
      'versions': list([
        dict({
          'field_a': 'hash1',
        }),
        dict({
          'field_a': 'hash2',
        }),
        dict({
          'field_a': 'hash3',
        }),
      ]),
    }),
    tuple(
      'inmemory',
      True,
      True,
    ): dict({
      'added': 3,
      'changed': 0,
      'removed': 0,
      'versions': list([
        dict({
          'field_a': 'hash1',
        }),
        dict({
          'field_a': 'hash2',
        }),
        dict({
          'field_a': 'hash3',
        }),
      ]),
    }),
  })
# ---
# name: test_resolve_update_no_upstream[True-True-simple_chain-xxhash64]
  dict({
    tuple(
      'clickhouse',
      True,
      True,
    ): dict({
      'added': 3,
      'changed': 0,
      'removed': 0,
      'versions': list([
        dict({
          'field_a': 'hash1',
        }),
        dict({
          'field_a': 'hash2',
        }),
        dict({
          'field_a': 'hash3',
        }),
      ]),
    }),
    tuple(
      'duckdb',
      True,
      True,
    ): dict({
      'added': 3,
      'changed': 0,
      'removed': 0,
      'versions': list([
        dict({
          'field_a': 'hash1',
        }),
        dict({
          'field_a': 'hash2',
        }),
        dict({
          'field_a': 'hash3',
        }),
      ]),
    }),
    tuple(
      'inmemory',
      True,
      True,
    ): dict({
      'added': 3,
      'changed': 0,
      'removed': 0,
      'versions': list([
        dict({
          'field_a': 'hash1',
        }),
        dict({
          'field_a': 'hash2',
        }),
        dict({
          'field_a': 'hash3',
        }),
      ]),
    }),
  })
# ---
# name: test_resolve_update_with_upstream[multi_field-sha256]
  dict({
    tuple(
      'inmemory',
      False,
    ): dict({
      'added': 3,
      'changed': 0,
      'removed': 0,
      'versions': list([
        dict({
          'default': '9fabe6bbbbed85e8ee0c5f5abad25617a2797d9011843260ed4ae920635b0d3f',
        }),
        dict({
          'default': '6f8fd6374c49b807ea350764577c091188d3204fb669adbe00c1f319fa240bcd',
        }),
        dict({
          'default': '5435184e637b701341d5f930bef6d101da89329682f50bf658cf5eb0092a5b2e',
        }),
      ]),
    }),
    tuple(
      'inmemory',
      True,
    ): dict({
      'added': 3,
      'changed': 0,
      'removed': 0,
      'versions': list([
        dict({
          'default': '9fabe6bbbbed85e8ee0c5f5abad25617a2797d9011843260ed4ae920635b0d3f',
        }),
        dict({
          'default': '6f8fd6374c49b807ea350764577c091188d3204fb669adbe00c1f319fa240bcd',
        }),
        dict({
          'default': '5435184e637b701341d5f930bef6d101da89329682f50bf658cf5eb0092a5b2e',
        }),
      ]),
    }),
  })
# ---
# name: test_resolve_update_with_upstream[multi_field-wyhash]
  dict({
    tuple(
      'inmemory',
      False,
    ): dict({
      'added': 3,
      'changed': 0,
      'removed': 0,
      'versions': list([
        dict({
          'default': '4887831902534074232',
        }),
        dict({
          'default': '10585603993434433875',
        }),
        dict({
          'default': '18277182166254846783',
        }),
      ]),
    }),
    tuple(
      'inmemory',
      True,
    ): dict({
      'added': 3,
      'changed': 0,
      'removed': 0,
      'versions': list([
        dict({
          'default': '4887831902534074232',
        }),
        dict({
          'default': '10585603993434433875',
        }),
        dict({
          'default': '18277182166254846783',
        }),
      ]),
    }),
  })
# ---
# name: test_resolve_update_with_upstream[multi_field-xxhash32]
  dict({
    tuple(
      'clickhouse',
      False,
    ): dict({
      'added': 3,
      'changed': 0,
      'removed': 0,
      'versions': list([
        dict({
          'default': '1461775105',
        }),
        dict({
          'default': '2382240293',
        }),
        dict({
          'default': '28832373',
        }),
      ]),
    }),
    tuple(
      'clickhouse',
      True,
    ): dict({
      'added': 3,
      'changed': 0,
      'removed': 0,
      'versions': list([
        dict({
          'default': '1461775105',
        }),
        dict({
          'default': '2382240293',
        }),
        dict({
          'default': '28832373',
        }),
      ]),
    }),
    tuple(
      'duckdb',
      False,
    ): dict({
      'added': 3,
      'changed': 0,
      'removed': 0,
      'versions': list([
        dict({
          'default': '1461775105',
        }),
        dict({
          'default': '2382240293',
        }),
        dict({
          'default': '28832373',
        }),
      ]),
    }),
    tuple(
      'duckdb',
      True,
    ): dict({
      'added': 3,
      'changed': 0,
      'removed': 0,
      'versions': list([
        dict({
          'default': '1461775105',
        }),
        dict({
          'default': '2382240293',
        }),
        dict({
          'default': '28832373',
        }),
      ]),
    }),
    tuple(
      'inmemory',
      False,
    ): dict({
      'added': 3,
      'changed': 0,
      'removed': 0,
      'versions': list([
        dict({
          'default': '1461775105',
        }),
        dict({
          'default': '2382240293',
        }),
        dict({
          'default': '28832373',
        }),
      ]),
    }),
    tuple(
      'inmemory',
      True,
    ): dict({
      'added': 3,
      'changed': 0,
      'removed': 0,
      'versions': list([
        dict({
          'default': '1461775105',
        }),
        dict({
          'default': '2382240293',
        }),
        dict({
          'default': '28832373',
        }),
      ]),
    }),
  })
# ---
# name: test_resolve_update_with_upstream[multi_field-xxhash64]
  dict({
    tuple(
      'clickhouse',
      False,
    ): dict({
      'added': 3,
      'changed': 0,
      'removed': 0,
      'versions': list([
        dict({
          'default': '2974285457208488067',
        }),
        dict({
          'default': '12654974373045795122',
        }),
        dict({
          'default': '10233537835565592250',
        }),
      ]),
    }),
    tuple(
      'clickhouse',
      True,
    ): dict({
      'added': 3,
      'changed': 0,
      'removed': 0,
      'versions': list([
        dict({
          'default': '2974285457208488067',
        }),
        dict({
          'default': '12654974373045795122',
        }),
        dict({
          'default': '10233537835565592250',
        }),
      ]),
    }),
    tuple(
      'duckdb',
      False,
    ): dict({
      'added': 3,
      'changed': 0,
      'removed': 0,
      'versions': list([
        dict({
          'default': '2974285457208488067',
        }),
        dict({
          'default': '12654974373045795122',
        }),
        dict({
          'default': '10233537835565592250',
        }),
      ]),
    }),
    tuple(
      'duckdb',
      True,
    ): dict({
      'added': 3,
      'changed': 0,
      'removed': 0,
      'versions': list([
        dict({
          'default': '2974285457208488067',
        }),
        dict({
          'default': '12654974373045795122',
        }),
        dict({
          'default': '10233537835565592250',
        }),
      ]),
    }),
    tuple(
      'inmemory',
      False,
    ): dict({
      'added': 3,
      'changed': 0,
      'removed': 0,
      'versions': list([
        dict({
          'default': '2974285457208488067',
        }),
        dict({
          'default': '12654974373045795122',
        }),
        dict({
          'default': '10233537835565592250',
        }),
      ]),
    }),
    tuple(
      'inmemory',
      True,
    ): dict({
      'added': 3,
      'changed': 0,
      'removed': 0,
      'versions': list([
        dict({
          'default': '2974285457208488067',
        }),
        dict({
          'default': '12654974373045795122',
        }),
        dict({
          'default': '10233537835565592250',
        }),
      ]),
    }),
  })
# ---
# name: test_resolve_update_with_upstream[simple_chain-sha256]
  dict({
    tuple(
      'inmemory',
      False,
    ): dict({
      'added': 3,
      'changed': 0,
      'removed': 0,
      'versions': list([
        dict({
          'default': '525b6d5368ed92bf7a3b29aa7248b505ccb787bdc66591619bfed49404ba48e3',
        }),
        dict({
          'default': 'c1b47bcb7bc9f253ad3ad558000ddff009886fdfae550a72764e788969bcb783',
        }),
        dict({
          'default': '840a6285c91646438f8fab44e1c6c8adaa4cd1d3d477be51fcf9ce8e47f6407b',
        }),
      ]),
    }),
    tuple(
      'inmemory',
      True,
    ): dict({
      'added': 3,
      'changed': 0,
      'removed': 0,
      'versions': list([
        dict({
          'default': '525b6d5368ed92bf7a3b29aa7248b505ccb787bdc66591619bfed49404ba48e3',
        }),
        dict({
          'default': 'c1b47bcb7bc9f253ad3ad558000ddff009886fdfae550a72764e788969bcb783',
        }),
        dict({
          'default': '840a6285c91646438f8fab44e1c6c8adaa4cd1d3d477be51fcf9ce8e47f6407b',
        }),
      ]),
    }),
  })
# ---
# name: test_resolve_update_with_upstream[simple_chain-wyhash]
  dict({
    tuple(
      'inmemory',
      False,
    ): dict({
      'added': 3,
      'changed': 0,
      'removed': 0,
      'versions': list([
        dict({
          'default': '4668216809693791590',
        }),
        dict({
          'default': '4857168970417459241',
        }),
        dict({
          'default': '1020151955873740869',
        }),
      ]),
    }),
    tuple(
      'inmemory',
      True,
    ): dict({
      'added': 3,
      'changed': 0,
      'removed': 0,
      'versions': list([
        dict({
          'default': '4668216809693791590',
        }),
        dict({
          'default': '4857168970417459241',
        }),
        dict({
          'default': '1020151955873740869',
        }),
      ]),
    }),
  })
# ---
# name: test_resolve_update_with_upstream[simple_chain-xxhash32]
  dict({
    tuple(
      'clickhouse',
      False,
    ): dict({
      'added': 3,
      'changed': 0,
      'removed': 0,
      'versions': list([
        dict({
          'default': '3792386664',
        }),
        dict({
          'default': '1761693770',
        }),
        dict({
          'default': '1814268731',
        }),
      ]),
    }),
    tuple(
      'clickhouse',
      True,
    ): dict({
      'added': 3,
      'changed': 0,
      'removed': 0,
      'versions': list([
        dict({
          'default': '3792386664',
        }),
        dict({
          'default': '1761693770',
        }),
        dict({
          'default': '1814268731',
        }),
      ]),
    }),
    tuple(
      'duckdb',
      False,
    ): dict({
      'added': 3,
      'changed': 0,
      'removed': 0,
      'versions': list([
        dict({
          'default': '3792386664',
        }),
        dict({
          'default': '1761693770',
        }),
        dict({
          'default': '1814268731',
        }),
      ]),
    }),
    tuple(
      'duckdb',
      True,
    ): dict({
      'added': 3,
      'changed': 0,
      'removed': 0,
      'versions': list([
        dict({
          'default': '3792386664',
        }),
        dict({
          'default': '1761693770',
        }),
        dict({
          'default': '1814268731',
        }),
      ]),
    }),
    tuple(
      'inmemory',
      False,
    ): dict({
      'added': 3,
      'changed': 0,
      'removed': 0,
      'versions': list([
        dict({
          'default': '3792386664',
        }),
        dict({
          'default': '1761693770',
        }),
        dict({
          'default': '1814268731',
        }),
      ]),
    }),
    tuple(
      'inmemory',
      True,
    ): dict({
      'added': 3,
      'changed': 0,
      'removed': 0,
      'versions': list([
        dict({
          'default': '3792386664',
        }),
        dict({
          'default': '1761693770',
        }),
        dict({
          'default': '1814268731',
        }),
      ]),
    }),
  })
# ---
# name: test_resolve_update_with_upstream[simple_chain-xxhash64]
  dict({
    tuple(
      'clickhouse',
      False,
    ): dict({
      'added': 3,
      'changed': 0,
      'removed': 0,
      'versions': list([
        dict({
          'default': '16698639220543966508',
        }),
        dict({
          'default': '586787157617226196',
        }),
        dict({
          'default': '12059215929306629396',
        }),
      ]),
    }),
    tuple(
      'clickhouse',
      True,
    ): dict({
      'added': 3,
      'changed': 0,
      'removed': 0,
      'versions': list([
        dict({
          'default': '16698639220543966508',
        }),
        dict({
          'default': '586787157617226196',
        }),
        dict({
          'default': '12059215929306629396',
        }),
      ]),
    }),
    tuple(
      'duckdb',
      False,
    ): dict({
      'added': 3,
      'changed': 0,
      'removed': 0,
      'versions': list([
        dict({
          'default': '16698639220543966508',
        }),
        dict({
          'default': '586787157617226196',
        }),
        dict({
          'default': '12059215929306629396',
        }),
      ]),
    }),
    tuple(
      'duckdb',
      True,
    ): dict({
      'added': 3,
      'changed': 0,
      'removed': 0,
      'versions': list([
        dict({
          'default': '16698639220543966508',
        }),
        dict({
          'default': '586787157617226196',
        }),
        dict({
          'default': '12059215929306629396',
        }),
      ]),
    }),
    tuple(
      'inmemory',
      False,
    ): dict({
      'added': 3,
      'changed': 0,
      'removed': 0,
      'versions': list([
        dict({
          'default': '16698639220543966508',
        }),
        dict({
          'default': '586787157617226196',
        }),
        dict({
          'default': '12059215929306629396',
        }),
      ]),
    }),
    tuple(
      'inmemory',
      True,
    ): dict({
      'added': 3,
      'changed': 0,
      'removed': 0,
      'versions': list([
        dict({
          'default': '16698639220543966508',
        }),
        dict({
          'default': '586787157617226196',
        }),
        dict({
          'default': '12059215929306629396',
        }),
      ]),
    }),
  })
# ---
