# serializer version: 1
# name: test_provenance_snapshot[aggregation]
  list([
    dict({
      'metaxy_data_version': '75342386',
      'metaxy_data_version_by_field': dict({
        'avg_temp': '13045622',
      }),
      'metaxy_provenance': '75342386',
      'metaxy_provenance_by_field': dict({
        'avg_temp': '13045622',
      }),
      'sensor_id': 's1',
    }),
    dict({
      'metaxy_data_version': '75342386',
      'metaxy_data_version_by_field': dict({
        'avg_temp': '13045622',
      }),
      'metaxy_provenance': '75342386',
      'metaxy_provenance_by_field': dict({
        'avg_temp': '13045622',
      }),
      'sensor_id': 's1',
    }),
    dict({
      'metaxy_data_version': '11546469',
      'metaxy_data_version_by_field': dict({
        'avg_temp': '15007701',
      }),
      'metaxy_provenance': '11546469',
      'metaxy_provenance_by_field': dict({
        'avg_temp': '15007701',
      }),
      'sensor_id': 's2',
    }),
    dict({
      'metaxy_data_version': '11546469',
      'metaxy_data_version_by_field': dict({
        'avg_temp': '15007701',
      }),
      'metaxy_provenance': '11546469',
      'metaxy_provenance_by_field': dict({
        'avg_temp': '15007701',
      }),
      'sensor_id': 's2',
    }),
    dict({
      'metaxy_data_version': '11546469',
      'metaxy_data_version_by_field': dict({
        'avg_temp': '15007701',
      }),
      'metaxy_provenance': '11546469',
      'metaxy_provenance_by_field': dict({
        'avg_temp': '15007701',
      }),
      'sensor_id': 's2',
    }),
  ])
# ---
# name: test_provenance_snapshot[expansion]
  list([
    dict({
      'metaxy_data_version': '54355038',
      'metaxy_data_version_by_field': dict({
        'frames': '63035291',
      }),
      'metaxy_provenance': '54355038',
      'metaxy_provenance_by_field': dict({
        'frames': '63035291',
      }),
      'video_id': 'v1',
    }),
    dict({
      'metaxy_data_version': '26614098',
      'metaxy_data_version_by_field': dict({
        'frames': '10348219',
      }),
      'metaxy_provenance': '26614098',
      'metaxy_provenance_by_field': dict({
        'frames': '10348219',
      }),
      'video_id': 'v2',
    }),
  ])
# ---
# name: test_provenance_snapshot[identity]
  list([
    dict({
      'id': 'p1',
      'metaxy_data_version': '17901660',
      'metaxy_data_version_by_field': dict({
        'derived': '84751092',
      }),
      'metaxy_provenance': '17901660',
      'metaxy_provenance_by_field': dict({
        'derived': '84751092',
      }),
    }),
    dict({
      'id': 'p2',
      'metaxy_data_version': '84060210',
      'metaxy_data_version_by_field': dict({
        'derived': '82966962',
      }),
      'metaxy_provenance': '84060210',
      'metaxy_provenance_by_field': dict({
        'derived': '82966962',
      }),
    }),
    dict({
      'id': 'p3',
      'metaxy_data_version': '17512167',
      'metaxy_data_version_by_field': dict({
        'derived': '93395852',
      }),
      'metaxy_provenance': '17512167',
      'metaxy_provenance_by_field': dict({
        'derived': '93395852',
      }),
    }),
  ])
# ---
